Component: ARM Compiler 5.06 update 6 (build 750) Tool: armlink [4d35ed]

==============================================================================

Section Cross References

    startup_stm32f407xx.o(RESET) refers to startup_stm32f407xx.o(STACK) for __initial_sp
    startup_stm32f407xx.o(RESET) refers to startup_stm32f407xx.o(.text) for Reset_Handler
    startup_stm32f407xx.o(RESET) refers to stm32f4xx_it.o(i.NMI_Handler) for NMI_Handler
    startup_stm32f407xx.o(RESET) refers to stm32f4xx_it.o(i.HardFault_Handler) for HardFault_Handler
    startup_stm32f407xx.o(RESET) refers to stm32f4xx_it.o(i.MemManage_Handler) for MemManage_Handler
    startup_stm32f407xx.o(RESET) refers to stm32f4xx_it.o(i.BusFault_Handler) for BusFault_Handler
    startup_stm32f407xx.o(RESET) refers to stm32f4xx_it.o(i.UsageFault_Handler) for UsageFault_Handler
    startup_stm32f407xx.o(RESET) refers to stm32f4xx_it.o(i.SVC_Handler) for SVC_Handler
    startup_stm32f407xx.o(RESET) refers to stm32f4xx_it.o(i.DebugMon_Handler) for DebugMon_Handler
    startup_stm32f407xx.o(RESET) refers to stm32f4xx_it.o(i.PendSV_Handler) for PendSV_Handler
    startup_stm32f407xx.o(RESET) refers to stm32f4xx_it.o(i.SysTick_Handler) for SysTick_Handler
    startup_stm32f407xx.o(RESET) refers to stm32f4xx_it.o(i.ADC_IRQHandler) for ADC_IRQHandler
    startup_stm32f407xx.o(RESET) refers to stm32f4xx_it.o(i.TIM1_BRK_TIM9_IRQHandler) for TIM1_BRK_TIM9_IRQHandler
    startup_stm32f407xx.o(RESET) refers to stm32f4xx_it.o(i.TIM1_UP_TIM10_IRQHandler) for TIM1_UP_TIM10_IRQHandler
    startup_stm32f407xx.o(RESET) refers to stm32f4xx_it.o(i.TIM1_TRG_COM_TIM11_IRQHandler) for TIM1_TRG_COM_TIM11_IRQHandler
    startup_stm32f407xx.o(RESET) refers to stm32f4xx_it.o(i.TIM1_CC_IRQHandler) for TIM1_CC_IRQHandler
    startup_stm32f407xx.o(RESET) refers to stm32f4xx_it.o(i.TIM3_IRQHandler) for TIM3_IRQHandler
    startup_stm32f407xx.o(RESET) refers to stm32f4xx_it.o(i.TIM4_IRQHandler) for TIM4_IRQHandler
    startup_stm32f407xx.o(RESET) refers to stm32f4xx_it.o(i.USART1_IRQHandler) for USART1_IRQHandler
    startup_stm32f407xx.o(RESET) refers to stm32f4xx_it.o(i.TIM5_IRQHandler) for TIM5_IRQHandler
    startup_stm32f407xx.o(RESET) refers to stm32f4xx_it.o(i.TIM6_DAC_IRQHandler) for TIM6_DAC_IRQHandler
    startup_stm32f407xx.o(RESET) refers to stm32f4xx_it.o(i.DMA2_Stream0_IRQHandler) for DMA2_Stream0_IRQHandler
    startup_stm32f407xx.o(RESET) refers to stm32f4xx_it.o(i.DMA2_Stream1_IRQHandler) for DMA2_Stream1_IRQHandler
    startup_stm32f407xx.o(RESET) refers to stm32f4xx_it.o(i.DMA2_Stream2_IRQHandler) for DMA2_Stream2_IRQHandler
    startup_stm32f407xx.o(.text) refers to system_stm32f4xx.o(i.SystemInit) for SystemInit
    startup_stm32f407xx.o(.text) refers to entry.o(.ARM.Collect$$$$00000000) for __main
    main.o(i.MX_NVIC_Init) refers to stm32f4xx_hal_cortex.o(i.HAL_NVIC_SetPriority) for HAL_NVIC_SetPriority
    main.o(i.MX_NVIC_Init) refers to stm32f4xx_hal_cortex.o(i.HAL_NVIC_EnableIRQ) for HAL_NVIC_EnableIRQ
    main.o(i.SystemClock_Config) refers to memseta.o(.text) for __aeabi_memclr4
    main.o(i.SystemClock_Config) refers to stm32f4xx_hal_rcc.o(i.HAL_RCC_OscConfig) for HAL_RCC_OscConfig
    main.o(i.SystemClock_Config) refers to stm32f4xx_hal_rcc.o(i.HAL_RCC_ClockConfig) for HAL_RCC_ClockConfig
    main.o(i.fputc) refers to stm32f4xx_hal_uart.o(i.HAL_UART_Transmit) for HAL_UART_Transmit
    main.o(i.fputc) refers to usart.o(.bss) for huart1
    main.o(i.main) refers to stm32f4xx_hal.o(i.HAL_Init) for HAL_Init
    main.o(i.main) refers to main.o(i.SystemClock_Config) for SystemClock_Config
    main.o(i.main) refers to gpio.o(i.MX_GPIO_Init) for MX_GPIO_Init
    main.o(i.main) refers to dma.o(i.MX_DMA_Init) for MX_DMA_Init
    main.o(i.main) refers to usart.o(i.MX_USART1_UART_Init) for MX_USART1_UART_Init
    main.o(i.main) refers to tim.o(i.MX_TIM1_Init) for MX_TIM1_Init
    main.o(i.main) refers to tim.o(i.MX_TIM4_Init) for MX_TIM4_Init
    main.o(i.main) refers to tim.o(i.MX_TIM6_Init) for MX_TIM6_Init
    main.o(i.main) refers to tim.o(i.MX_TIM5_Init) for MX_TIM5_Init
    main.o(i.main) refers to tim.o(i.MX_TIM8_Init) for MX_TIM8_Init
    main.o(i.main) refers to tim.o(i.MX_TIM3_Init) for MX_TIM3_Init
    main.o(i.main) refers to adc.o(i.MX_ADC1_Init) for MX_ADC1_Init
    main.o(i.main) refers to adc.o(i.MX_ADC3_Init) for MX_ADC3_Init
    main.o(i.main) refers to dac.o(i.MX_DAC_Init) for MX_DAC_Init
    main.o(i.main) refers to tim.o(i.MX_TIM9_Init) for MX_TIM9_Init
    main.o(i.main) refers to main.o(i.MX_NVIC_Init) for MX_NVIC_Init
    main.o(i.main) refers to bldc_motor.o(i.init) for init
    main.o(i.main) refers to bldc_motor.o(i.loop) for loop
    gpio.o(i.MX_GPIO_Init) refers to memseta.o(.text) for __aeabi_memclr4
    gpio.o(i.MX_GPIO_Init) refers to stm32f4xx_hal_gpio.o(i.HAL_GPIO_WritePin) for HAL_GPIO_WritePin
[...]
    ADC_DMAConvCplt                          0x08000931   Thumb Code   110  stm32f4xx_hal_adc.o(i.ADC_DMAConvCplt)
    i.ADC_DMAError                           0x0800099e   Section        0  stm32f4xx_hal_adc.o(i.ADC_DMAError)
    ADC_DMAError                             0x0800099f   Thumb Code    22  stm32f4xx_hal_adc.o(i.ADC_DMAError)
    i.ADC_DMAHalfConvCplt                    0x080009b4   Section        0  stm32f4xx_hal_adc.o(i.ADC_DMAHalfConvCplt)
    ADC_DMAHalfConvCplt                      0x080009b5   Thumb Code    10  stm32f4xx_hal_adc.o(i.ADC_DMAHalfConvCplt)
    i.ADC_IRQHandler                         0x080009c0   Section        0  stm32f4xx_it.o(i.ADC_IRQHandler)
    i.ADC_Init                               0x080009dc   Section        0  stm32f4xx_hal_adc.o(i.ADC_Init)
    ADC_Init                                 0x080009dd   Thumb Code   284  stm32f4xx_hal_adc.o(i.ADC_Init)
    i.BusFault_Handler                       0x08000b04   Section        0  stm32f4xx_it.o(i.BusFault_Handler)
    i.DMA2_Stream0_IRQHandler                0x08000b08   Section        0  stm32f4xx_it.o(i.DMA2_Stream0_IRQHandler)
    i.DMA2_Stream1_IRQHandler                0x08000b14   Section        0  stm32f4xx_it.o(i.DMA2_Stream1_IRQHandler)
    i.DMA2_Stream2_IRQHandler                0x08000b20   Section        0  stm32f4xx_it.o(i.DMA2_Stream2_IRQHandler)
    i.DMA_CalcBaseAndBitshift                0x08000b2c   Section        0  stm32f4xx_hal_dma.o(i.DMA_CalcBaseAndBitshift)
    DMA_CalcBaseAndBitshift                  0x08000b2d   Thumb Code    34  stm32f4xx_hal_dma.o(i.DMA_CalcBaseAndBitshift)
    i.DMA_CheckFifoParam                     0x08000b54   Section        0  stm32f4xx_hal_dma.o(i.DMA_CheckFifoParam)
    DMA_CheckFifoParam                       0x08000b55   Thumb Code    84  stm32f4xx_hal_dma.o(i.DMA_CheckFifoParam)
    i.DMA_SetConfig                          0x08000ba8   Section        0  stm32f4xx_hal_dma.o(i.DMA_SetConfig)
    DMA_SetConfig                            0x08000ba9   Thumb Code    40  stm32f4xx_hal_dma.o(i.DMA_SetConfig)
    i.DebugMon_Handler                       0x08000bd0   Section        0  stm32f4xx_it.o(i.DebugMon_Handler)
    i.Error_Handler                          0x08000bd2   Section        0  main.o(i.Error_Handler)
    i.HAL_ADCEx_InjectedConvCpltCallback     0x08000bd6   Section        0  stm32f4xx_hal_adc_ex.o(i.HAL_ADCEx_InjectedConvCpltCallback)
    i.HAL_ADC_ConfigChannel                  0x08000bd8   Section        0  stm32f4xx_hal_adc.o(i.HAL_ADC_ConfigChannel)
    i.HAL_ADC_ConvCpltCallback               0x08000d24   Section        0  bldc_motor.o(i.HAL_ADC_ConvCpltCallback)
    i.HAL_ADC_ConvHalfCpltCallback           0x08000da0   Section        0  stm32f4xx_hal_adc.o(i.HAL_ADC_ConvHalfCpltCallback)
    i.HAL_ADC_ErrorCallback                  0x08000da2   Section        0  stm32f4xx_hal_adc.o(i.HAL_ADC_ErrorCallback)
    i.HAL_ADC_IRQHandler                     0x08000da4   Section        0  stm32f4xx_hal_adc.o(i.HAL_ADC_IRQHandler)
    i.HAL_ADC_Init                           0x08000ee0   Section        0  stm32f4xx_hal_adc.o(i.HAL_ADC_Init)
    i.HAL_ADC_LevelOutOfWindowCallback       0x08000f34   Section        0  stm32f4xx_hal_adc.o(i.HAL_ADC_LevelOutOfWindowCallback)
    i.HAL_ADC_MspInit                        0x08000f38   Section        0  adc.o(i.HAL_ADC_MspInit)
    i.HAL_ADC_Start_DMA                      0x08001070   Section        0  stm32f4xx_hal_adc.o(i.HAL_ADC_Start_DMA)
    i.HAL_DACEx_DMAUnderrunCallbackCh2       0x080011a0   Section        0  stm32f4xx_hal_dac_ex.o(i.HAL_DACEx_DMAUnderrunCallbackCh2)
    i.HAL_DAC_ConfigChannel                  0x080011a2   Section        0  stm32f4xx_hal_dac.o(i.HAL_DAC_ConfigChannel)
    i.HAL_DAC_DMAUnderrunCallbackCh1         0x080011e4   Section        0  stm32f4xx_hal_dac.o(i.HAL_DAC_DMAUnderrunCallbackCh1)
    i.HAL_DAC_IRQHandler                     0x080011e6   Section        0  stm32f4xx_hal_dac.o(i.HAL_DAC_IRQHandler)
    i.HAL_DAC_Init                           0x08001242   Section        0  stm32f4xx_hal_dac.o(i.HAL_DAC_Init)
    i.HAL_DAC_MspInit                        0x0800126c   Section        0  dac.o(i.HAL_DAC_MspInit)
    i.HAL_DAC_SetValue                       0x080012cc   Section        0  stm32f4xx_hal_dac.o(i.HAL_DAC_SetValue)
    i.HAL_DAC_Start                          0x080012e6   Section        0  stm32f4xx_hal_dac.o(i.HAL_DAC_Start)
    i.HAL_DMA_Abort_IT                       0x08001352   Section        0  stm32f4xx_hal_dma.o(i.HAL_DMA_Abort_IT)
    i.HAL_DMA_IRQHandler                     0x08001378   Section        0  stm32f4xx_hal_dma.o(i.HAL_DMA_IRQHandler)
    i.HAL_DMA_Init                           0x08001518   Section        0  stm32f4xx_hal_dma.o(i.HAL_DMA_Init)
    i.HAL_DMA_Start_IT                       0x080015ec   Section        0  stm32f4xx_hal_dma.o(i.HAL_DMA_Start_IT)
    i.HAL_Delay                              0x0800165c   Section        0  stm32f4xx_hal.o(i.HAL_Delay)
    i.HAL_GPIO_Init                          0x08001680   Section        0  stm32f4xx_hal_gpio.o(i.HAL_GPIO_Init)
    i.HAL_GPIO_ReadPin                       0x08001838   Section        0  stm32f4xx_hal_gpio.o(i.HAL_GPIO_ReadPin)
    i.HAL_GPIO_WritePin                      0x08001842   Section        0  stm32f4xx_hal_gpio.o(i.HAL_GPIO_WritePin)
    i.HAL_GetTick                            0x0800184c   Section        0  stm32f4xx_hal.o(i.HAL_GetTick)
    i.HAL_IncTick                            0x08001858   Section        0  stm32f4xx_hal.o(i.HAL_IncTick)
    i.HAL_Init                               0x08001868   Section        0  stm32f4xx_hal.o(i.HAL_Init)
    i.HAL_InitTick                           0x0800189c   Section        0  stm32f4xx_hal.o(i.HAL_InitTick)
    i.HAL_MspInit                            0x080018dc   Section        0  stm32f4xx_hal_msp.o(i.HAL_MspInit)
    i.HAL_NVIC_EnableIRQ                     0x0800190c   Section        0  stm32f4xx_hal_cortex.o(i.HAL_NVIC_EnableIRQ)
    i.HAL_NVIC_SetPriority                   0x08001928   Section        0  stm32f4xx_hal_cortex.o(i.HAL_NVIC_SetPriority)
    i.HAL_NVIC_SetPriorityGrouping           0x08001968   Section        0  stm32f4xx_hal_cortex.o(i.HAL_NVIC_SetPriorityGrouping)
    i.HAL_RCC_ClockConfig                    0x0800198c   Section        0  stm32f4xx_hal_rcc.o(i.HAL_RCC_ClockConfig)
    i.HAL_RCC_GetPCLK1Freq                   0x08001ac0   Section        0  stm32f4xx_hal_rcc.o(i.HAL_RCC_GetPCLK1Freq)
    i.HAL_RCC_GetPCLK2Freq                   0x08001ae0   Section        0  stm32f4xx_hal_rcc.o(i.HAL_RCC_GetPCLK2Freq)
    i.HAL_RCC_GetSysClockFreq                0x08001b00   Section        0  stm32f4xx_hal_rcc.o(i.HAL_RCC_GetSysClockFreq)
    i.HAL_RCC_OscConfig                      0x08001b60   Section        0  stm32f4xx_hal_rcc.o(i.HAL_RCC_OscConfig)
    i.HAL_SYSTICK_Config                     0x08001ebc   Section        0  stm32f4xx_hal_cortex.o(i.HAL_SYSTICK_Config)
    i.HAL_TIMEx_BreakCallback                0x08001ee4   Section        0  stm32f4xx_hal_tim_ex.o(i.HAL_TIMEx_BreakCallback)
    i.HAL_TIMEx_CommutCallback               0x08001ee6   Section        0  stm32f4xx_hal_tim_ex.o(i.HAL_TIMEx_CommutCallback)
    i.HAL_TIMEx_ConfigBreakDeadTime          0x08001ee8   Section        0  stm32f4xx_hal_tim_ex.o(i.HAL_TIMEx_ConfigBreakDeadTime)
    i.HAL_TIMEx_HallSensor_Init              0x08001f3c   Section        0  stm32f4xx_hal_tim_ex.o(i.HAL_TIMEx_HallSensor_Init)
    i.HAL_TIMEx_HallSensor_MspInit           0x08001ff8   Section        0  stm32f4xx_hal_tim_ex.o(i.HAL_TIMEx_HallSensor_MspInit)
    i.HAL_TIMEx_MasterConfigSynchronization  0x08001ffc   Section        0  stm32f4xx_hal_tim_ex.o(i.HAL_TIMEx_MasterConfigSynchronization)
    i.HAL_TIM_Base_Init                      0x0800208c   Section        0  stm32f4xx_hal_tim.o(i.HAL_TIM_Base_Init)
    i.HAL_TIM_Base_MspInit                   0x080020c4   Section        0  tim.o(i.HAL_TIM_Base_MspInit)
    i.HAL_TIM_Base_Start                     0x08002200   Section        0  stm32f4xx_hal_tim.o(i.HAL_TIM_Base_Start)
    i.HAL_TIM_ConfigClockSource              0x08002224   Section        0  stm32f4xx_hal_tim.o(i.HAL_TIM_ConfigClockSource)
    i.HAL_TIM_Encoder_Init                   0x080022fa   Section        0  stm32f4xx_hal_tim.o(i.HAL_TIM_Encoder_Init)
    i.HAL_TIM_Encoder_MspInit                0x08002394   Section        0  tim.o(i.HAL_TIM_Encoder_MspInit)
    i.HAL_TIM_Encoder_Start                  0x08002408   Section        0  stm32f4xx_hal_tim.o(i.HAL_TIM_Encoder_Start)
    i.HAL_TIM_IC_CaptureCallback             0x0800243c   Section        0  stm32f4xx_hal_tim.o(i.HAL_TIM_IC_CaptureCallback)
    i.HAL_TIM_IRQHandler                     0x0800243e   Section        0  stm32f4xx_hal_tim.o(i.HAL_TIM_IRQHandler)
    i.HAL_TIM_MspPostInit                    0x080025a4   Section        0  tim.o(i.HAL_TIM_MspPostInit)
    i.HAL_TIM_OC_DelayElapsedCallback        0x0800265c   Section        0  stm32f4xx_hal_tim.o(i.HAL_TIM_OC_DelayElapsedCallback)
    i.HAL_TIM_PWM_ConfigChannel              0x0800265e   Section        0  stm32f4xx_hal_tim.o(i.HAL_TIM_PWM_ConfigChannel)
    i.HAL_TIM_PWM_Init                       0x0800272e   Section        0  stm32f4xx_hal_tim.o(i.HAL_TIM_PWM_Init)
    i.HAL_TIM_PWM_MspInit                    0x08002764   Section        0  stm32f4xx_hal_tim.o(i.HAL_TIM_PWM_MspInit)
    i.HAL_TIM_PWM_PulseFinishedCallback      0x08002766   Section        0  stm32f4xx_hal_tim.o(i.HAL_TIM_PWM_PulseFinishedCallback)
    i.HAL_TIM_PeriodElapsedCallback          0x08002768   Section        0  bldc_motor.o(i.HAL_TIM_PeriodElapsedCallback)
    i.HAL_TIM_TriggerCallback                0x08002bb8   Section        0  stm32f4xx_hal_tim.o(i.HAL_TIM_TriggerCallback)
    i.HAL_UART_ErrorCallback                 0x08002bba   Section        0  stm32f4xx_hal_uart.o(i.HAL_UART_ErrorCallback)
    i.HAL_UART_IRQHandler                    0x08002bbc   Section        0  stm32f4xx_hal_uart.o(i.HAL_UART_IRQHandler)
    i.HAL_UART_Init                          0x08002cd0   Section        0  stm32f4xx_hal_uart.o(i.HAL_UART_Init)
    i.HAL_UART_MspInit                       0x08002d34   Section        0  usart.o(i.HAL_UART_MspInit)
    i.HAL_UART_RxCpltCallback                0x08002dd4   Section        0  stm32f4xx_hal_uart.o(i.HAL_UART_RxCpltCallback)
    i.HAL_UART_Transmit                      0x08002dd6   Section        0  stm32f4xx_hal_uart.o(i.HAL_UART_Transmit)
    i.HAL_UART_TxCpltCallback                0x08002e90   Section        0  stm32f4xx_hal_uart.o(i.HAL_UART_TxCpltCallback)
    i.HallSensor_GetPinState                 0x08002e94   Section        0  bldc_motor.o(i.HallSensor_GetPinState)
    HallSensor_GetPinState                   0x08002e95   Thumb Code    76  bldc_motor.o(i.HallSensor_GetPinState)
    i.HardFault_Handler                      0x08002ee8   Section        0  stm32f4xx_it.o(i.HardFault_Handler)
    i.M1_Encoder_Init                        0x08002eec   Section        0  bldc_motor.o(i.M1_Encoder_Init)
    i.M1_Get_Encode                          0x08002f10   Section        0  bldc_motor.o(i.M1_Get_Encode)
    i.M1_MOS_UHVLPWM                         0x08002f28   Section        0  bldc_motor.o(i.M1_MOS_UHVLPWM)
    M1_MOS_UHVLPWM                           0x08002f29   Thumb Code    54  bldc_motor.o(i.M1_MOS_UHVLPWM)
    i.M1_MOS_UHWLPWM                         0x08002f6c   Section        0  bldc_motor.o(i.M1_MOS_UHWLPWM)
    M1_MOS_UHWLPWM                           0x08002f6d   Thumb Code    54  bldc_motor.o(i.M1_MOS_UHWLPWM)
    i.M1_MOS_VHULPWM                         0x08002fb0   Section        0  bldc_motor.o(i.M1_MOS_VHULPWM)
    M1_MOS_VHULPWM                           0x08002fb1   Thumb Code    56  bldc_motor.o(i.M1_MOS_VHULPWM)
    i.M1_MOS_VHWLPWM                         0x08002ff4   Section        0  bldc_motor.o(i.M1_MOS_VHWLPWM)
    M1_MOS_VHWLPWM                           0x08002ff5   Thumb Code    54  bldc_motor.o(i.M1_MOS_VHWLPWM)
    i.M1_MOS_WHULPWM                         0x08003038   Section        0  bldc_motor.o(i.M1_MOS_WHULPWM)
    M1_MOS_WHULPWM                           0x08003039   Thumb Code    56  bldc_motor.o(i.M1_MOS_WHULPWM)
    i.M1_MOS_WHVLPWM                         0x0800307c   Section        0  bldc_motor.o(i.M1_MOS_WHVLPWM)
    M1_MOS_WHVLPWM                           0x0800307d   Thumb Code    54  bldc_motor.o(i.M1_MOS_WHVLPWM)
    i.MX_ADC1_Init                           0x080030c0   Section        0  adc.o(i.MX_ADC1_Init)
    i.MX_ADC3_Init                           0x0800317c   Section        0  adc.o(i.MX_ADC3_Init)
    i.MX_DAC_Init                            0x0800320c   Section        0  dac.o(i.MX_DAC_Init)
    i.MX_DMA_Init                            0x08003258   Section        0  dma.o(i.MX_DMA_Init)
    i.MX_GPIO_Init                           0x080032a4   Section        0  gpio.o(i.MX_GPIO_Init)
    i.MX_NVIC_Init                           0x080033e4   Section        0  main.o(i.MX_NVIC_Init)
    MX_NVIC_Init                             0x080033e5   Thumb Code   134  main.o(i.MX_NVIC_Init)
    i.MX_TIM1_Init                           0x0800346c   Section        0  tim.o(i.MX_TIM1_Init)
    i.MX_TIM3_Init                           0x08003558   Section        0  tim.o(i.MX_TIM3_Init)
    i.MX_TIM4_Init                           0x080035c4   Section        0  tim.o(i.MX_TIM4_Init)
    i.MX_TIM5_Init                           0x0800364c   Section        0  tim.o(i.MX_TIM5_Init)
    i.MX_TIM6_Init                           0x080036d4   Section        0  tim.o(i.MX_TIM6_Init)
    i.MX_TIM8_Init                           0x0800371c   Section        0  tim.o(i.MX_TIM8_Init)
    i.MX_TIM9_Init                           0x08003808   Section        0  tim.o(i.MX_TIM9_Init)
    i.MX_USART1_UART_Init                    0x0800388c   Section        0  usart.o(i.MX_USART1_UART_Init)
    i.MemManage_Handler                      0x080038c4   Section        0  stm32f4xx_it.o(i.MemManage_Handler)
    i.NMI_Handler                            0x080038c6   Section        0  stm32f4xx_it.o(i.NMI_Handler)
    i.PendSV_Handler                         0x080038c8   Section        0  stm32f4xx_it.o(i.PendSV_Handler)
    i.SVC_Handler                            0x080038ca   Section        0  stm32f4xx_it.o(i.SVC_Handler)
    i.SoftReversing                          0x080038cc   Section        0  bldc_motor.o(i.SoftReversing)
    SoftReversing                            0x080038cd   Thumb Code    46  bldc_motor.o(i.SoftReversing)
    i.SysTick_Handler                        0x08003900   Section        0  stm32f4xx_it.o(i.SysTick_Handler)
    i.SystemClock_Config                     0x08003904   Section        0  main.o(i.SystemClock_Config)
    i.SystemInit                             0x08003998   Section        0  system_stm32f4xx.o(i.SystemInit)
    i.TIM1_BRK_TIM9_IRQHandler               0x080039b4   Section        0  stm32f4xx_it.o(i.TIM1_BRK_TIM9_IRQHandler)
    i.TIM1_CC_IRQHandler                     0x080039d0   Section        0  stm32f4xx_it.o(i.TIM1_CC_IRQHandler)
    i.TIM1_TRG_COM_TIM11_IRQHandler          0x080039dc   Section        0  stm32f4xx_it.o(i.TIM1_TRG_COM_TIM11_IRQHandler)
    i.TIM1_UP_TIM10_IRQHandler               0x080039e8   Section        0  stm32f4xx_it.o(i.TIM1_UP_TIM10_IRQHandler)
    i.TIM3_IRQHandler                        0x080039f4   Section        0  stm32f4xx_it.o(i.TIM3_IRQHandler)
    i.TIM4_IRQHandler                        0x08003a00   Section        0  stm32f4xx_it.o(i.TIM4_IRQHandler)
    i.TIM5_IRQHandler                        0x08003a0c   Section        0  stm32f4xx_it.o(i.TIM5_IRQHandler)
    i.TIM6_DAC_IRQHandler                    0x08003a18   Section        0  stm32f4xx_it.o(i.TIM6_DAC_IRQHandler)
    i.TIM_Base_SetConfig                     0x08003a34   Section        0  stm32f4xx_hal_tim.o(i.TIM_Base_SetConfig)
    i.TIM_CCxChannelCmd                      0x08003afc   Section        0  stm32f4xx_hal_tim.o(i.TIM_CCxChannelCmd)
    i.TIM_ETR_SetConfig                      0x08003b16   Section        0  stm32f4xx_hal_tim.o(i.TIM_ETR_SetConfig)
    i.TIM_ITRx_SetConfig                     0x08003b2a   Section        0  stm32f4xx_hal_tim.o(i.TIM_ITRx_SetConfig)
    TIM_ITRx_SetConfig                       0x08003b2b   Thumb Code    16  stm32f4xx_hal_tim.o(i.TIM_ITRx_SetConfig)
    i.TIM_OC1_SetConfig                      0x08003b3c   Section        0  stm32f4xx_hal_tim.o(i.TIM_OC1_SetConfig)
    TIM_OC1_SetConfig                        0x08003b3d   Thumb Code    88  stm32f4xx_hal_tim.o(i.TIM_OC1_SetConfig)
    i.TIM_OC2_SetConfig                      0x08003b9c   Section        0  stm32f4xx_hal_tim.o(i.TIM_OC2_SetConfig)
    i.TIM_OC3_SetConfig                      0x08003c08   Section        0  stm32f4xx_hal_tim.o(i.TIM_OC3_SetConfig)
    TIM_OC3_SetConfig                        0x08003c09   Thumb Code    96  stm32f4xx_hal_tim.o(i.TIM_OC3_SetConfig)
    i.TIM_OC4_SetConfig                      0x08003c70   Section        0  stm32f4xx_hal_tim.o(i.TIM_OC4_SetConfig)
    TIM_OC4_SetConfig                        0x08003c71   Thumb Code    70  stm32f4xx_hal_tim.o(i.TIM_OC4_SetConfig)
    i.TIM_TI1_ConfigInputStage               0x08003cc0   Section        0  stm32f4xx_hal_tim.o(i.TIM_TI1_ConfigInputStage)
    TIM_TI1_ConfigInputStage                 0x08003cc1   Thumb Code    34  stm32f4xx_hal_tim.o(i.TIM_TI1_ConfigInputStage)
    i.TIM_TI1_SetConfig                      0x08003ce4   Section        0  stm32f4xx_hal_tim.o(i.TIM_TI1_SetConfig)
    i.TIM_TI2_ConfigInputStage               0x08003d64   Section        0  stm32f4xx_hal_tim.o(i.TIM_TI2_ConfigInputStage)
    TIM_TI2_ConfigInputStage                 0x08003d65   Thumb Code    36  stm32f4xx_hal_tim.o(i.TIM_TI2_ConfigInputStage)
    i.UART_DMAAbortOnError                   0x08003d88   Section        0  stm32f4xx_hal_uart.o(i.UART_DMAAbortOnError)
    UART_DMAAbortOnError                     0x08003d89   Thumb Code    16  stm32f4xx_hal_uart.o(i.UART_DMAAbortOnError)
    i.UART_EndRxTransfer                     0x08003d98   Section        0  stm32f4xx_hal_uart.o(i.UART_EndRxTransfer)
    UART_EndRxTransfer                       0x08003d99   Thumb Code    28  stm32f4xx_hal_uart.o(i.UART_EndRxTransfer)
    i.UART_Receive_IT                        0x08003db4   Section        0  stm32f4xx_hal_uart.o(i.UART_Receive_IT)
    UART_Receive_IT                          0x08003db5   Thumb Code   150  stm32f4xx_hal_uart.o(i.UART_Receive_IT)
    i.UART_SetConfig                         0x08003e4c   Section        0  stm32f4xx_hal_uart.o(i.UART_SetConfig)
    UART_SetConfig                           0x08003e4d   Thumb Code   286  stm32f4xx_hal_uart.o(i.UART_SetConfig)
    i.UART_Transmit_IT                       0x08003f74   Section        0  stm32f4xx_hal_uart.o(i.UART_Transmit_IT)
    UART_Transmit_IT                         0x08003f75   Thumb Code    98  stm32f4xx_hal_uart.o(i.UART_Transmit_IT)
    i.UART_WaitOnFlagUntilTimeout            0x08003fd6   Section        0  stm32f4xx_hal_uart.o(i.UART_WaitOnFlagUntilTimeout)
    UART_WaitOnFlagUntilTimeout              0x08003fd7   Thumb Code   100  stm32f4xx_hal_uart.o(i.UART_WaitOnFlagUntilTimeout)
    i.USART1_IRQHandler                      0x0800403c   Section        0  stm32f4xx_it.o(i.USART1_IRQHandler)
    i.UsageFault_Handler                     0x08004048   Section        0  stm32f4xx_it.o(i.UsageFault_Handler)
    i.__0printf                              0x0800404c   Section        0  printfa.o(i.__0printf)
    i.__NVIC_SetPriority                     0x0800406c   Section        0  stm32f4xx_hal_cortex.o(i.__NVIC_SetPriority)
    __NVIC_SetPriority                       0x0800406d   Thumb Code    32  stm32f4xx_hal_cortex.o(i.__NVIC_SetPriority)
    i.__hardfp_log                           0x08004090   Section        0  log.o(i.__hardfp_log)
    i.__hardfp_sqrt                          0x08004454   Section        0  sqrt.o(i.__hardfp_sqrt)
    i.__kernel_poly                          0x080044ce   Section        0  poly.o(i.__kernel_poly)
    i.__mathlib_dbl_divzero                  0x080045c8   Section        0  dunder.o(i.__mathlib_dbl_divzero)
    i.__mathlib_dbl_infnan                   0x080045f8   Section        0  dunder.o(i.__mathlib_dbl_infnan)
    i.__mathlib_dbl_invalid                  0x08004610   Section        0  dunder.o(i.__mathlib_dbl_invalid)
    i.__scatterload_copy                     0x08004630   Section       14  handlers.o(i.__scatterload_copy)
    i.__scatterload_null                     0x0800463e   Section        2  handlers.o(i.__scatterload_null)
    i.__scatterload_zeroinit                 0x08004640   Section       14  handlers.o(i.__scatterload_zeroinit)
    i.__set_errno                            0x08004650   Section        0  errno.o(i.__set_errno)
    i._fp_digits                             0x0800465c   Section        0  printfa.o(i._fp_digits)
    _fp_digits                               0x0800465d   Thumb Code   366  printfa.o(i._fp_digits)
    i._printf_core                           0x080047e0   Section        0  printfa.o(i._printf_core)
    _printf_core                             0x080047e1   Thumb Code  1744  printfa.o(i._printf_core)
    i._printf_post_padding                   0x08004ebc   Section        0  printfa.o(i._printf_post_padding)
    _printf_post_padding                     0x08004ebd   Thumb Code    36  printfa.o(i._printf_post_padding)
    i._printf_pre_padding                    0x08004ee0   Section        0  printfa.o(i._printf_pre_padding)
    _printf_pre_padding                      0x08004ee1   Thumb Code    46  printfa.o(i._printf_pre_padding)
    i.calc_agv                               0x08004f10   Section        0  bldc_motor.o(i.calc_agv)
    i.debug_obj_init                         0x08004f80   Section        0  debug.o(i.debug_obj_init)
    i.fputc                                  0x08004f88   Section        0  main.o(i.fputc)
    i.get_temp                               0x08004fa0   Section        0  bldc_motor.o(i.get_temp)
    i.init                                   0x0800502c   Section        0  bldc_motor.o(i.init)
    i.loop                                   0x080050ac   Section        0  bldc_motor.o(i.loop)
    i.main                                   0x08005120   Section        0  main.o(i.main)
    .constdata                               0x0800516a   Section        8  stm32f4xx_hal_dma.o(.constdata)
    flagBitshiftOffset                       0x0800516a   Data           8  stm32f4xx_hal_dma.o(.constdata)
    .constdata                               0x08005172   Section       16  system_stm32f4xx.o(.constdata)
    .constdata                               0x08005182   Section        8  system_stm32f4xx.o(.constdata)
    .constdata                               0x08005190   Section       56  log.o(.constdata)
    Lg2                                      0x08005190   Data          24  log.o(.constdata)
    Lg                                       0x080051a8   Data          32  log.o(.constdata)
    .constdata                               0x080051c8   Section        8  qnan.o(.constdata)
    .data                                    0x20000000   Section      108  bldc_motor.o(.data)
    hal_old_sta                              0x20000001   Data           1  bldc_motor.o(.data)
    temp_f                                   0x20000002   Data           1  bldc_motor.o(.data)
    l_cnt                                    0x20000006   Data           2  bldc_motor.o(.data)
    State                                    0x2000000c   Data           4  bldc_motor.o(.data)
    .data                                    0x2000006c   Section       12  stm32f4xx_hal.o(.data)
    .data                                    0x20000078   Section        4  system_stm32f4xx.o(.data)
    .data                                    0x2000007c   Section        4  stdout.o(.data)
    .data                                    0x20000080   Section        4  errno.o(.data)
    _errno                                   0x20000080   Data           4  errno.o(.data)
    .bss                                     0x20000084   Section      336  adc.o(.bss)
    .bss                                     0x200001d4   Section       20  dac.o(.bss)
    .bss                                     0x200001e8   Section      448  tim.o(.bss)
    .bss                                     0x200003a8   Section      160  usart.o(.bss)
    .bss                                     0x20000448   Section    37378  bldc_motor.o(.bss)
    bldc_m1_amp                              0x2000045c   Data          16  bldc_motor.o(.bss)
    bldc_m1_amp_zero                         0x2000046c   Data          12  bldc_motor.o(.bss)
    .bss                                     0x20009650   Section      260  debug.o(.bss)
    STACK                                    0x20009758   Section     8192  startup_stm32f407xx.o(STACK)

    Global Symbols

    Symbol Name                              Value     Ov Type        Size  Object(Section)

    BuildAttributes$$THM_ISAv4$E$P$D$K$B$S$7EM$VFPi3$EXTD16$VFPS$VFMA$PE$A:L22UL41UL21$X:L11$S22US41US21$IEEE1$IW$USESV6$~STKCKD$USESV7$~SHL$OTIME$ROPI$IEEEX$EBA8$MICROLIB$REQ8$PRES8$EABIv2 0x00000000   Number         0  anon$$obj.o ABSOLUTE
    __ARM_use_no_argv                        0x00000000   Number         0  main.o ABSOLUTE
    _printf_a                                0x00000000   Number         0  stubs.o ABSOLUTE
    _printf_c                                0x00000000   Number         0  stubs.o ABSOLUTE
    _printf_charcount                        0x00000000   Number         0  stubs.o ABSOLUTE
    _printf_d                                0x00000000   Number         0  stubs.o ABSOLUTE
    _printf_e                                0x00000000   Number         0  stubs.o ABSOLUTE
    _printf_f                                0x00000000   Number         0  stubs.o ABSOLUTE
    _printf_flags                            0x00000000   Number         0  stubs.o ABSOLUTE
    _printf_fp_dec                           0x00000000   Number         0  stubs.o ABSOLUTE
    _printf_fp_hex                           0x00000000   Number         0  stubs.o ABSOLUTE
    _printf_g                                0x00000000   Number         0  stubs.o ABSOLUTE
    _printf_i                                0x00000000   Number         0  stubs.o ABSOLUTE
    _printf_int_dec                          0x00000000   Number         0  stubs.o ABSOLUTE
    _printf_l                                0x00000000   Number         0  stubs.o ABSOLUTE
    _printf_lc                               0x00000000   Number         0  stubs.o ABSOLUTE
    _printf_ll                               0x00000000   Number         0  stubs.o ABSOLUTE
    _printf_lld                              0x00000000   Number         0  stubs.o ABSOLUTE
    _printf_lli                              0x00000000   Number         0  stubs.o ABSOLUTE
    _printf_llo                              0x00000000   Number         0  stubs.o ABSOLUTE
    _printf_llu                              0x00000000   Number         0  stubs.o ABSOLUTE
    _printf_llx                              0x00000000   Number         0  stubs.o ABSOLUTE
    _printf_longlong_dec                     0x00000000   Number         0  stubs.o ABSOLUTE
    _printf_longlong_hex                     0x00000000   Number         0  stubs.o ABSOLUTE
    _printf_longlong_oct                     0x00000000   Number         0  stubs.o ABSOLUTE
    _printf_ls                               0x00000000   Number         0  stubs.o ABSOLUTE
    _printf_mbtowc                           0x00000000   Number         0  stubs.o ABSOLUTE
    _printf_n                                0x00000000   Number         0  stubs.o ABSOLUTE
    _printf_o                                0x00000000   Number         0  stubs.o ABSOLUTE
    _printf_p                                0x00000000   Number         0  stubs.o ABSOLUTE
    _printf_percent                          0x00000000   Number         0  stubs.o ABSOLUTE
    _printf_pre_padding                      0x00000000   Number         0  stubs.o ABSOLUTE
    _printf_return_value                     0x00000000   Number         0  stubs.o ABSOLUTE
    _printf_s                                0x00000000   Number         0  stubs.o ABSOLUTE
    _printf_sizespec                         0x00000000   Number         0  stubs.o ABSOLUTE
    _printf_str                              0x00000000   Number         0  stubs.o ABSOLUTE
    _printf_truncate_signed                  0x00000000   Number         0  stubs.o ABSOLUTE
    _printf_truncate_unsigned                0x00000000   Number         0  stubs.o ABSOLUTE
    _printf_u                                0x00000000   Number         0  stubs.o ABSOLUTE
    _printf_wc                               0x00000000   Number         0  stubs.o ABSOLUTE
    _printf_wctomb                           0x00000000   Number         0  stubs.o ABSOLUTE
    _printf_widthprec                        0x00000000   Number         0  stubs.o ABSOLUTE
    _printf_x                                0x00000000   Number         0  stubs.o ABSOLUTE
    __cpp_initialize__aeabi_                  - Undefined Weak Reference
    __cxa_finalize                            - Undefined Weak Reference
    __decompress                              - Undefined Weak Reference
    _clock_init                               - Undefined Weak Reference
    _microlib_exit                            - Undefined Weak Reference
    __Vectors_Size                           0x00000188   Number         0  startup_stm32f407xx.o ABSOLUTE
    __Vectors                                0x08000000   Data           4  startup_stm32f407xx.o(RESET)
    __Vectors_End                            0x08000188   Data           0  startup_stm32f407xx.o(RESET)
    __main                                   0x08000189   Thumb Code     0  entry.o(.ARM.Collect$$$$00000000)
    _main_stk                                0x08000189   Thumb Code     0  entry2.o(.ARM.Collect$$$$00000001)
    _main_scatterload                        0x0800018d   Thumb Code     0  entry5.o(.ARM.Collect$$$$00000004)
    __main_after_scatterload                 0x08000191   Thumb Code     0  entry5.o(.ARM.Collect$$$$00000004)
    _main_clock                              0x08000191   Thumb Code     0  entry7b.o(.ARM.Collect$$$$00000008)
    _main_cpp_init                           0x08000191   Thumb Code     0  entry8b.o(.ARM.Collect$$$$0000000A)
    _main_init                               0x08000191   Thumb Code     0  entry9a.o(.ARM.Collect$$$$0000000B)
    __rt_final_cpp                           0x08000199   Thumb Code     0  entry10a.o(.ARM.Collect$$$$0000000D)
    __rt_final_exit                          0x08000199   Thumb Code     0  entry11a.o(.ARM.Collect$$$$0000000F)
    Reset_Handler                            0x0800019d   Thumb Code     8  startup_stm32f407xx.o(.text)
    CAN1_RX0_IRQHandler                      0x080001b7   Thumb Code     0  startup_stm32f407xx.o(.text)
    CAN1_RX1_IRQHandler                      0x080001b7   Thumb Code     0  startup_stm32f407xx.o(.text)
    CAN1_SCE_IRQHandler                      0x080001b7   Thumb Code     0  startup_stm32f407xx.o(.text)
    CAN1_TX_IRQHandler                       0x080001b7   Thumb Code     0  startup_stm32f407xx.o(.text)
    CAN2_RX0_IRQHandler                      0x080001b7   Thumb Code     0  startup_stm32f407xx.o(.text)
    CAN2_RX1_IRQHandler                      0x080001b7   Thumb Code     0  startup_stm32f407xx.o(.text)
    CAN2_SCE_IRQHandler                      0x080001b7   Thumb Code     0  startup_stm32f407xx.o(.text)
    CAN2_TX_IRQHandler                       0x080001b7   Thumb Code     0  startup_stm32f407xx.o(.text)
    DCMI_IRQHandler                          0x080001b7   Thumb Code     0  startup_stm32f407xx.o(.text)
    DMA1_Stream0_IRQHandler                  0x080001b7   Thumb Code     0  startup_stm32f407xx.o(.text)
    DMA1_Stream1_IRQHandler                  0x080001b7   Thumb Code     0  startup_stm32f407xx.o(.text)
    DMA1_Stream2_IRQHandler                  0x080001b7   Thumb Code     0  startup_stm32f407xx.o(.text)
    DMA1_Stream3_IRQHandler                  0x080001b7   Thumb Code     0  startup_stm32f407xx.o(.text)
    DMA1_Stream4_IRQHandler                  0x080001b7   Thumb Code     0  startup_stm32f407xx.o(.text)
    DMA1_Stream5_IRQHandler                  0x080001b7   Thumb Code     0  startup_stm32f407xx.o(.text)
    DMA1_Stream6_IRQHandler                  0x080001b7   Thumb Code     0  startup_stm32f407xx.o(.text)
    DMA1_Stream7_IRQHandler                  0x080001b7   Thumb Code     0  startup_stm32f407xx.o(.text)
    DMA2_Stream3_IRQHandler                  0x080001b7   Thumb Code     0  startup_stm32f407xx.o(.text)
    DMA2_Stream4_IRQHandler                  0x080001b7   Thumb Code     0  startup_stm32f407xx.o(.text)
    DMA2_Stream5_IRQHandler                  0x080001b7   Thumb Code     0  startup_stm32f407xx.o(.text)
    DMA2_Stream6_IRQHandler                  0x080001b7   Thumb Code     0  startup_stm32f407xx.o(.text)
    DMA2_Stream7_IRQHandler                  0x080001b7   Thumb Code     0  startup_stm32f407xx.o(.text)
    ETH_IRQHandler                           0x080001b7   Thumb Code     0  startup_stm32f407xx.o(.text)
    ETH_WKUP_IRQHandler                      0x080001b7   Thumb Code     0  startup_stm32f407xx.o(.text)
    EXTI0_IRQHandler                         0x080001b7   Thumb Code     0  startup_stm32f407xx.o(.text)
    EXTI15_10_IRQHandler                     0x080001b7   Thumb Code     0  startup_stm32f407xx.o(.text)
    EXTI1_IRQHandler                         0x080001b7   Thumb Code     0  startup_stm32f407xx.o(.text)
    EXTI2_IRQHandler                         0x080001b7   Thumb Code     0  startup_stm32f407xx.o(.text)
    EXTI3_IRQHandler                         0x080001b7   Thumb Code     0  startup_stm32f407xx.o(.text)
    EXTI4_IRQHandler                         0x080001b7   Thumb Code     0  startup_stm32f407xx.o(.text)
    EXTI9_5_IRQHandler                       0x080001b7   Thumb Code     0  startup_stm32f407xx.o(.text)
    FLASH_IRQHandler                         0x080001b7   Thumb Code     0  startup_stm32f407xx.o(.text)
    FMC_IRQHandler                           0x080001b7   Thumb Code     0  startup_stm32f407xx.o(.text)
    FPU_IRQHandler                           0x080001b7   Thumb Code     0  startup_stm32f407xx.o(.text)
    HASH_RNG_IRQHandler                      0x080001b7   Thumb Code     0  startup_stm32f407xx.o(.text)
    I2C1_ER_IRQHandler                       0x080001b7   Thumb Code     0  startup_stm32f407xx.o(.text)
    I2C1_EV_IRQHandler                       0x080001b7   Thumb Code     0  startup_stm32f407xx.o(.text)
    I2C2_ER_IRQHandler                       0x080001b7   Thumb Code     0  startup_stm32f407xx.o(.text)
    I2C2_EV_IRQHandler                       0x080001b7   Thumb Code     0  startup_stm32f407xx.o(.text)
    I2C3_ER_IRQHandler                       0x080001b7   Thumb Code     0  startup_stm32f407xx.o(.text)
    I2C3_EV_IRQHandler                       0x080001b7   Thumb Code     0  startup_stm32f407xx.o(.text)
    OTG_FS_IRQHandler                        0x080001b7   Thumb Code     0  startup_stm32f407xx.o(.text)
    OTG_FS_WKUP_IRQHandler                   0x080001b7   Thumb Code     0  startup_stm32f407xx.o(.text)
    OTG_HS_EP1_IN_IRQHandler                 0x080001b7   Thumb Code     0  startup_stm32f407xx.o(.text)
    OTG_HS_EP1_OUT_IRQHandler                0x080001b7   Thumb Code     0  startup_stm32f407xx.o(.text)
    OTG_HS_IRQHandler                        0x080001b7   Thumb Code     0  startup_stm32f407xx.o(.text)
    OTG_HS_WKUP_IRQHandler                   0x080001b7   Thumb Code     0  startup_stm32f407xx.o(.text)
    PVD_IRQHandler                           0x080001b7   Thumb Code     0  startup_stm32f407xx.o(.text)
    RCC_IRQHandler                           0x080001b7   Thumb Code     0  startup_stm32f407xx.o(.text)
    RTC_Alarm_IRQHandler                     0x080001b7   Thumb Code     0  startup_stm32f407xx.o(.text)
    RTC_WKUP_IRQHandler                      0x080001b7   Thumb Code     0  startup_stm32f407xx.o(.text)
    SDIO_IRQHandler                          0x080001b7   Thumb Code     0  startup_stm32f407xx.o(.text)
    SPI1_IRQHandler                          0x080001b7   Thumb Code     0  startup_stm32f407xx.o(.text)
    SPI2_IRQHandler                          0x080001b7   Thumb Code     0  startup_stm32f407xx.o(.text)
    SPI3_IRQHandler                          0x080001b7   Thumb Code     0  startup_stm32f407xx.o(.text)
    TAMP_STAMP_IRQHandler                    0x080001b7   Thumb Code     0  startup_stm32f407xx.o(.text)
    TIM2_IRQHandler                          0x080001b7   Thumb Code     0  startup_stm32f407xx.o(.text)
    TIM7_IRQHandler                          0x080001b7   Thumb Code     0  startup_stm32f407xx.o(.text)
    TIM8_BRK_TIM12_IRQHandler                0x080001b7   Thumb Code     0  startup_stm32f407xx.o(.text)
    TIM8_CC_IRQHandler                       0x080001b7   Thumb Code     0  startup_stm32f407xx.o(.text)
    TIM8_TRG_COM_TIM14_IRQHandler            0x080001b7   Thumb Code     0  startup_stm32f407xx.o(.text)
    TIM8_UP_TIM13_IRQHandler                 0x080001b7   Thumb Code     0  startup_stm32f407xx.o(.text)
    UART4_IRQHandler                         0x080001b7   Thumb Code     0  startup_stm32f407xx.o(.text)
    UART5_IRQHandler                         0x080001b7   Thumb Code     0  startup_stm32f407xx.o(.text)
    USART2_IRQHandler                        0x080001b7   Thumb Code     0  startup_stm32f407xx.o(.text)
    USART3_IRQHandler                        0x080001b7   Thumb Code     0  startup_stm32f407xx.o(.text)
    USART6_IRQHandler                        0x080001b7   Thumb Code     0  startup_stm32f407xx.o(.text)
    WWDG_IRQHandler                          0x080001b7   Thumb Code     0  startup_stm32f407xx.o(.text)
    __aeabi_uldivmod                         0x080001c1   Thumb Code    98  uldiv.o(.text)
    __aeabi_memset                           0x08000223   Thumb Code    14  memseta.o(.text)
    __aeabi_memset4                          0x08000223   Thumb Code     0  memseta.o(.text)
    __aeabi_memset8                          0x08000223   Thumb Code     0  memseta.o(.text)
    __aeabi_memclr                           0x08000231   Thumb Code     4  memseta.o(.text)
    __aeabi_memclr4                          0x08000231   Thumb Code     0  memseta.o(.text)
    __aeabi_memclr8                          0x08000231   Thumb Code     0  memseta.o(.text)
    _memset$wrapper                          0x08000235   Thumb Code    18  memseta.o(.text)
    __aeabi_dadd                             0x08000247   Thumb Code   322  dadd.o(.text)
    __aeabi_dsub                             0x08000389   Thumb Code     6  dadd.o(.text)
    __aeabi_drsub                            0x0800038f   Thumb Code     6  dadd.o(.text)
    __aeabi_ddiv                             0x08000395   Thumb Code   222  ddiv.o(.text)
    __aeabi_i2d                              0x08000473   Thumb Code    34  dflti.o(.text)
    __aeabi_ui2d                             0x08000495   Thumb Code    26  dfltui.o(.text)
    __aeabi_d2uiz                            0x080004af   Thumb Code    50  dfixui.o(.text)
    __aeabi_f2d                              0x080004e1   Thumb Code    38  f2d.o(.text)
    __aeabi_d2f                              0x08000507   Thumb Code    56  d2f.o(.text)
    __aeabi_uidiv                            0x0800053f   Thumb Code     0  uidiv.o(.text)
    __aeabi_uidivmod                         0x0800053f   Thumb Code    44  uidiv.o(.text)
    __aeabi_llsl                             0x0800056b   Thumb Code    30  llshl.o(.text)
    _ll_shift_l                              0x0800056b   Thumb Code     0  llshl.o(.text)
    __aeabi_llsr                             0x08000589   Thumb Code    32  llushr.o(.text)
    _ll_ushift_r                             0x08000589   Thumb Code     0  llushr.o(.text)
    __aeabi_lasr                             0x080005a9   Thumb Code    36  llsshr.o(.text)
    _ll_sshift_r                             0x080005a9   Thumb Code     0  llsshr.o(.text)
    __I$use$fp                               0x080005cd   Thumb Code     0  iusefp.o(.text)
    _float_round                             0x080005cd   Thumb Code    18  fepilogue.o(.text)
    _float_epilogue                          0x080005df   Thumb Code    92  fepilogue.o(.text)
    _double_round                            0x0800063b   Thumb Code    30  depilogue.o(.text)
    _double_epilogue                         0x08000659   Thumb Code   156  depilogue.o(.text)
    __aeabi_dmul                             0x080006f5   Thumb Code   228  dmul.o(.text)
    _dsqrt                                   0x080007d9   Thumb Code   162  dsqrt.o(.text)
    __aeabi_d2ulz                            0x0800087b   Thumb Code    48  dfixul.o(.text)
    __aeabi_cdcmpeq                          0x080008ad   Thumb Code     0  cdcmple.o(.text)
    __aeabi_cdcmple                          0x080008ad   Thumb Code    48  cdcmple.o(.text)
    __aeabi_cdrcmple                         0x080008dd   Thumb Code    48  cdrcmple.o(.text)
    __scatterload                            0x0800090d   Thumb Code    28  init.o(.text)
    __scatterload_rt2                        0x0800090d   Thumb Code     0  init.o(.text)
    ADC_IRQHandler                           0x080009c1   Thumb Code    18  stm32f4xx_it.o(i.ADC_IRQHandler)
    BusFault_Handler                         0x08000b05   Thumb Code     2  stm32f4xx_it.o(i.BusFault_Handler)
    DMA2_Stream0_IRQHandler                  0x08000b09   Thumb Code     6  stm32f4xx_it.o(i.DMA2_Stream0_IRQHandler)
    DMA2_Stream1_IRQHandler                  0x08000b15   Thumb Code     6  stm32f4xx_it.o(i.DMA2_Stream1_IRQHandler)
    DMA2_Stream2_IRQHandler                  0x08000b21   Thumb Code     6  stm32f4xx_it.o(i.DMA2_Stream2_IRQHandler)
    DebugMon_Handler                         0x08000bd1   Thumb Code     2  stm32f4xx_it.o(i.DebugMon_Handler)
    Error_Handler                            0x08000bd3   Thumb Code     4  main.o(i.Error_Handler)
    HAL_ADCEx_InjectedConvCpltCallback       0x08000bd7   Thumb Code     2  stm32f4xx_hal_adc_ex.o(i.HAL_ADCEx_InjectedConvCpltCallback)
    HAL_ADC_ConfigChannel                    0x08000bd9   Thumb Code   316  stm32f4xx_hal_adc.o(i.HAL_ADC_ConfigChannel)
    HAL_ADC_ConvCpltCallback                 0x08000d25   Thumb Code   106  bldc_motor.o(i.HAL_ADC_ConvCpltCallback)
    HAL_ADC_ConvHalfCpltCallback             0x08000da1   Thumb Code     2  stm32f4xx_hal_adc.o(i.HAL_ADC_ConvHalfCpltCallback)
    HAL_ADC_ErrorCallback                    0x08000da3   Thumb Code     2  stm32f4xx_hal_adc.o(i.HAL_ADC_ErrorCallback)
    HAL_ADC_IRQHandler                       0x08000da5   Thumb Code   316  stm32f4xx_hal_adc.o(i.HAL_ADC_IRQHandler)
    HAL_ADC_Init                             0x08000ee1   Thumb Code    84  stm32f4xx_hal_adc.o(i.HAL_ADC_Init)
    HAL_ADC_LevelOutOfWindowCallback         0x08000f35   Thumb Code     2  stm32f4xx_hal_adc.o(i.HAL_ADC_LevelOutOfWindowCallback)
    HAL_ADC_MspInit                          0x08000f39   Thumb Code   280  adc.o(i.HAL_ADC_MspInit)
    HAL_ADC_Start_DMA                        0x08001071   Thumb Code   268  stm32f4xx_hal_adc.o(i.HAL_ADC_Start_DMA)
    HAL_DACEx_DMAUnderrunCallbackCh2         0x080011a1   Thumb Code     2  stm32f4xx_hal_dac_ex.o(i.HAL_DACEx_DMAUnderrunCallbackCh2)
    HAL_DAC_ConfigChannel                    0x080011a3   Thumb Code    66  stm32f4xx_hal_dac.o(i.HAL_DAC_ConfigChannel)
    HAL_DAC_DMAUnderrunCallbackCh1           0x080011e5   Thumb Code     2  stm32f4xx_hal_dac.o(i.HAL_DAC_DMAUnderrunCallbackCh1)
    HAL_DAC_IRQHandler                       0x080011e7   Thumb Code    92  stm32f4xx_hal_dac.o(i.HAL_DAC_IRQHandler)
    HAL_DAC_Init                             0x08001243   Thumb Code    40  stm32f4xx_hal_dac.o(i.HAL_DAC_Init)
    HAL_DAC_MspInit                          0x0800126d   Thumb Code    84  dac.o(i.HAL_DAC_MspInit)
    HAL_DAC_SetValue                         0x080012cd   Thumb Code    26  stm32f4xx_hal_dac.o(i.HAL_DAC_SetValue)
    HAL_DAC_Start                            0x080012e7   Thumb Code   108  stm32f4xx_hal_dac.o(i.HAL_DAC_Start)
    HAL_DMA_Abort_IT                         0x08001353   Thumb Code    36  stm32f4xx_hal_dma.o(i.HAL_DMA_Abort_IT)
    HAL_DMA_IRQHandler                       0x08001379   Thumb Code   412  stm32f4xx_hal_dma.o(i.HAL_DMA_IRQHandler)
    HAL_DMA_Init                             0x08001519   Thumb Code   206  stm32f4xx_hal_dma.o(i.HAL_DMA_Init)
    HAL_DMA_Start_IT                         0x080015ed   Thumb Code   110  stm32f4xx_hal_dma.o(i.HAL_DMA_Start_IT)
    HAL_Delay                                0x0800165d   Thumb Code    32  stm32f4xx_hal.o(i.HAL_Delay)
    HAL_GPIO_Init                            0x08001681   Thumb Code   394  stm32f4xx_hal_gpio.o(i.HAL_GPIO_Init)
    HAL_GPIO_ReadPin                         0x08001839   Thumb Code    10  stm32f4xx_hal_gpio.o(i.HAL_GPIO_ReadPin)
    HAL_GPIO_WritePin                        0x08001843   Thumb Code    10  stm32f4xx_hal_gpio.o(i.HAL_GPIO_WritePin)
    HAL_GetTick                              0x0800184d   Thumb Code     6  stm32f4xx_hal.o(i.HAL_GetTick)
    HAL_IncTick                              0x08001859   Thumb Code    12  stm32f4xx_hal.o(i.HAL_IncTick)
    HAL_Init                                 0x08001869   Thumb Code    48  stm32f4xx_hal.o(i.HAL_Init)
    HAL_InitTick                             0x0800189d   Thumb Code    54  stm32f4xx_hal.o(i.HAL_InitTick)
    HAL_MspInit                              0x080018dd   Thumb Code    42  stm32f4xx_hal_msp.o(i.HAL_MspInit)
    HAL_NVIC_EnableIRQ                       0x0800190d   Thumb Code    26  stm32f4xx_hal_cortex.o(i.HAL_NVIC_EnableIRQ)
    HAL_NVIC_SetPriority                     0x08001929   Thumb Code    60  stm32f4xx_hal_cortex.o(i.HAL_NVIC_SetPriority)
    HAL_NVIC_SetPriorityGrouping             0x08001969   Thumb Code    26  stm32f4xx_hal_cortex.o(i.HAL_NVIC_SetPriorityGrouping)
    HAL_RCC_ClockConfig                      0x0800198d   Thumb Code   288  stm32f4xx_hal_rcc.o(i.HAL_RCC_ClockConfig)
    HAL_RCC_GetPCLK1Freq                     0x08001ac1   Thumb Code    20  stm32f4xx_hal_rcc.o(i.HAL_RCC_GetPCLK1Freq)
    HAL_RCC_GetPCLK2Freq                     0x08001ae1   Thumb Code    20  stm32f4xx_hal_rcc.o(i.HAL_RCC_GetPCLK2Freq)
    HAL_RCC_GetSysClockFreq                  0x08001b01   Thumb Code    88  stm32f4xx_hal_rcc.o(i.HAL_RCC_GetSysClockFreq)
    HAL_RCC_OscConfig                        0x08001b61   Thumb Code   840  stm32f4xx_hal_rcc.o(i.HAL_RCC_OscConfig)
    HAL_SYSTICK_Config                       0x08001ebd   Thumb Code    40  stm32f4xx_hal_cortex.o(i.HAL_SYSTICK_Config)
    HAL_TIMEx_BreakCallback                  0x08001ee5   Thumb Code     2  stm32f4xx_hal_tim_ex.o(i.HAL_TIMEx_BreakCallback)
    HAL_TIMEx_CommutCallback                 0x08001ee7   Thumb Code     2  stm32f4xx_hal_tim_ex.o(i.HAL_TIMEx_CommutCallback)
    HAL_TIMEx_ConfigBreakDeadTime            0x08001ee9   Thumb Code    84  stm32f4xx_hal_tim_ex.o(i.HAL_TIMEx_ConfigBreakDeadTime)
    HAL_TIMEx_HallSensor_Init                0x08001f3d   Thumb Code   188  stm32f4xx_hal_tim_ex.o(i.HAL_TIMEx_HallSensor_Init)
    HAL_TIMEx_HallSensor_MspInit             0x08001ff9   Thumb Code     2  stm32f4xx_hal_tim_ex.o(i.HAL_TIMEx_HallSensor_MspInit)
    HAL_TIMEx_MasterConfigSynchronization    0x08001ffd   Thumb Code   116  stm32f4xx_hal_tim_ex.o(i.HAL_TIMEx_MasterConfigSynchronization)
    HAL_TIM_Base_Init                        0x0800208d   Thumb Code    54  stm32f4xx_hal_tim.o(i.HAL_TIM_Base_Init)
    HAL_TIM_Base_MspInit                     0x080020c5   Thumb Code   274  tim.o(i.HAL_TIM_Base_MspInit)
    HAL_TIM_Base_Start                       0x08002201   Thumb Code    36  stm32f4xx_hal_tim.o(i.HAL_TIM_Base_Start)
    HAL_TIM_ConfigClockSource                0x08002225   Thumb Code   214  stm32f4xx_hal_tim.o(i.HAL_TIM_ConfigClockSource)
    HAL_TIM_Encoder_Init                     0x080022fb   Thumb Code   152  stm32f4xx_hal_tim.o(i.HAL_TIM_Encoder_Init)
    HAL_TIM_Encoder_MspInit                  0x08002395   Thumb Code   104  tim.o(i.HAL_TIM_Encoder_MspInit)
    HAL_TIM_Encoder_Start                    0x08002409   Thumb Code    52  stm32f4xx_hal_tim.o(i.HAL_TIM_Encoder_Start)
    HAL_TIM_IC_CaptureCallback               0x0800243d   Thumb Code     2  stm32f4xx_hal_tim.o(i.HAL_TIM_IC_CaptureCallback)
    HAL_TIM_IRQHandler                       0x0800243f   Thumb Code   358  stm32f4xx_hal_tim.o(i.HAL_TIM_IRQHandler)
    HAL_TIM_MspPostInit                      0x080025a5   Thumb Code   154  tim.o(i.HAL_TIM_MspPostInit)
    HAL_TIM_OC_DelayElapsedCallback          0x0800265d   Thumb Code     2  stm32f4xx_hal_tim.o(i.HAL_TIM_OC_DelayElapsedCallback)
    HAL_TIM_PWM_ConfigChannel                0x0800265f   Thumb Code   208  stm32f4xx_hal_tim.o(i.HAL_TIM_PWM_ConfigChannel)
    HAL_TIM_PWM_Init                         0x0800272f   Thumb Code    54  stm32f4xx_hal_tim.o(i.HAL_TIM_PWM_Init)
    HAL_TIM_PWM_MspInit                      0x08002765   Thumb Code     2  stm32f4xx_hal_tim.o(i.HAL_TIM_PWM_MspInit)
    HAL_TIM_PWM_PulseFinishedCallback        0x08002767   Thumb Code     2  stm32f4xx_hal_tim.o(i.HAL_TIM_PWM_PulseFinishedCallback)
    HAL_TIM_PeriodElapsedCallback            0x08002769   Thumb Code  1100  bldc_motor.o(i.HAL_TIM_PeriodElapsedCallback)
    HAL_TIM_TriggerCallback                  0x08002bb9   Thumb Code     2  stm32f4xx_hal_tim.o(i.HAL_TIM_TriggerCallback)
    HAL_UART_ErrorCallback                   0x08002bbb   Thumb Code     2  stm32f4xx_hal_uart.o(i.HAL_UART_ErrorCallback)
    HAL_UART_IRQHandler                      0x08002bbd   Thumb Code   270  stm32f4xx_hal_uart.o(i.HAL_UART_IRQHandler)
    HAL_UART_Init                            0x08002cd1   Thumb Code    98  stm32f4xx_hal_uart.o(i.HAL_UART_Init)
    HAL_UART_MspInit                         0x08002d35   Thumb Code   138  usart.o(i.HAL_UART_MspInit)
    HAL_UART_RxCpltCallback                  0x08002dd5   Thumb Code     2  stm32f4xx_hal_uart.o(i.HAL_UART_RxCpltCallback)
    HAL_UART_Transmit                        0x08002dd7   Thumb Code   186  stm32f4xx_hal_uart.o(i.HAL_UART_Transmit)
    HAL_UART_TxCpltCallback                  0x08002e91   Thumb Code     2  stm32f4xx_hal_uart.o(i.HAL_UART_TxCpltCallback)
    HardFault_Handler                        0x08002ee9   Thumb Code     2  stm32f4xx_it.o(i.HardFault_Handler)
    M1_Encoder_Init                          0x08002eed   Thumb Code    32  bldc_motor.o(i.M1_Encoder_Init)
    M1_Get_Encode                            0x08002f11   Thumb Code    16  bldc_motor.o(i.M1_Get_Encode)
    MX_ADC1_Init                             0x080030c1   Thumb Code   174  adc.o(i.MX_ADC1_Init)
    MX_ADC3_Init                             0x0800317d   Thumb Code   132  adc.o(i.MX_ADC3_Init)
    MX_DAC_Init                              0x0800320d   Thumb Code    68  dac.o(i.MX_DAC_Init)
    MX_DMA_Init                              0x08003259   Thumb Code    72  dma.o(i.MX_DMA_Init)
    MX_GPIO_Init                             0x080032a5   Thumb Code   298  gpio.o(i.MX_GPIO_Init)
    MX_TIM1_Init                             0x0800346d   Thumb Code   228  tim.o(i.MX_TIM1_Init)
    MX_TIM3_Init                             0x08003559   Thumb Code   100  tim.o(i.MX_TIM3_Init)
    MX_TIM4_Init                             0x080035c5   Thumb Code   128  tim.o(i.MX_TIM4_Init)
    MX_TIM5_Init                             0x0800364d   Thumb Code   128  tim.o(i.MX_TIM5_Init)
    MX_TIM6_Init                             0x080036d5   Thumb Code    62  tim.o(i.MX_TIM6_Init)
    MX_TIM8_Init                             0x0800371d   Thumb Code   226  tim.o(i.MX_TIM8_Init)
    MX_TIM9_Init                             0x08003809   Thumb Code   124  tim.o(i.MX_TIM9_Init)
    MX_USART1_UART_Init                      0x0800388d   Thumb Code    48  usart.o(i.MX_USART1_UART_Init)
    MemManage_Handler                        0x080038c5   Thumb Code     2  stm32f4xx_it.o(i.MemManage_Handler)
    NMI_Handler                              0x080038c7   Thumb Code     2  stm32f4xx_it.o(i.NMI_Handler)
    PendSV_Handler                           0x080038c9   Thumb Code     2  stm32f4xx_it.o(i.PendSV_Handler)
    SVC_Handler                              0x080038cb   Thumb Code     2  stm32f4xx_it.o(i.SVC_Handler)
    SysTick_Handler                          0x08003901   Thumb Code     4  stm32f4xx_it.o(i.SysTick_Handler)
    SystemClock_Config                       0x08003905   Thumb Code   140  main.o(i.SystemClock_Config)
    SystemInit                               0x08003999   Thumb Code    22  system_stm32f4xx.o(i.SystemInit)
    TIM1_BRK_TIM9_IRQHandler                 0x080039b5   Thumb Code    18  stm32f4xx_it.o(i.TIM1_BRK_TIM9_IRQHandler)
    TIM1_CC_IRQHandler                       0x080039d1   Thumb Code     6  stm32f4xx_it.o(i.TIM1_CC_IRQHandler)
    TIM1_TRG_COM_TIM11_IRQHandler            0x080039dd   Thumb Code     6  stm32f4xx_it.o(i.TIM1_TRG_COM_TIM11_IRQHandler)
    TIM1_UP_TIM10_IRQHandler                 0x080039e9   Thumb Code     6  stm32f4xx_it.o(i.TIM1_UP_TIM10_IRQHandler)
    TIM3_IRQHandler                          0x080039f5   Thumb Code     6  stm32f4xx_it.o(i.TIM3_IRQHandler)
    TIM4_IRQHandler                          0x08003a01   Thumb Code     6  stm32f4xx_it.o(i.TIM4_IRQHandler)
    TIM5_IRQHandler                          0x08003a0d   Thumb Code     6  stm32f4xx_it.o(i.TIM5_IRQHandler)
    TIM6_DAC_IRQHandler                      0x08003a19   Thumb Code    18  stm32f4xx_it.o(i.TIM6_DAC_IRQHandler)
    TIM_Base_SetConfig                       0x08003a35   Thumb Code   156  stm32f4xx_hal_tim.o(i.TIM_Base_SetConfig)
    TIM_CCxChannelCmd                        0x08003afd   Thumb Code    26  stm32f4xx_hal_tim.o(i.TIM_CCxChannelCmd)
    TIM_ETR_SetConfig                        0x08003b17   Thumb Code    20  stm32f4xx_hal_tim.o(i.TIM_ETR_SetConfig)
    TIM_OC2_SetConfig                        0x08003b9d   Thumb Code    98  stm32f4xx_hal_tim.o(i.TIM_OC2_SetConfig)
    TIM_TI1_SetConfig                        0x08003ce5   Thumb Code   100  stm32f4xx_hal_tim.o(i.TIM_TI1_SetConfig)
    USART1_IRQHandler                        0x0800403d   Thumb Code     6  stm32f4xx_it.o(i.USART1_IRQHandler)
    UsageFault_Handler                       0x08004049   Thumb Code     2  stm32f4xx_it.o(i.UsageFault_Handler)
    __0printf                                0x0800404d   Thumb Code    22  printfa.o(i.__0printf)
    __1printf                                0x0800404d   Thumb Code     0  printfa.o(i.__0printf)
    __2printf                                0x0800404d   Thumb Code     0  printfa.o(i.__0printf)
    __c89printf                              0x0800404d   Thumb Code     0  printfa.o(i.__0printf)
    printf                                   0x0800404d   Thumb Code     0  printfa.o(i.__0printf)
    __hardfp_log                             0x08004091   Thumb Code   872  log.o(i.__hardfp_log)
    __hardfp_sqrt                            0x08004455   Thumb Code   122  sqrt.o(i.__hardfp_sqrt)
    __kernel_poly                            0x080044cf   Thumb Code   248  poly.o(i.__kernel_poly)
    __mathlib_dbl_divzero                    0x080045c9   Thumb Code    28  dunder.o(i.__mathlib_dbl_divzero)
    __mathlib_dbl_infnan                     0x080045f9   Thumb Code    20  dunder.o(i.__mathlib_dbl_infnan)
    __mathlib_dbl_invalid                    0x08004611   Thumb Code    24  dunder.o(i.__mathlib_dbl_invalid)
    __scatterload_copy                       0x08004631   Thumb Code    14  handlers.o(i.__scatterload_copy)
    __scatterload_null                       0x0800463f   Thumb Code     2  handlers.o(i.__scatterload_null)
    __scatterload_zeroinit                   0x08004641   Thumb Code    14  handlers.o(i.__scatterload_zeroinit)
    __set_errno                              0x08004651   Thumb Code     6  errno.o(i.__set_errno)
    calc_agv                                 0x08004f11   Thumb Code   104  bldc_motor.o(i.calc_agv)
    debug_obj_init                           0x08004f81   Thumb Code     6  debug.o(i.debug_obj_init)
    fputc                                    0x08004f89   Thumb Code    20  main.o(i.fputc)
    get_temp                                 0x08004fa1   Thumb Code   112  bldc_motor.o(i.get_temp)
    init                                     0x0800502d   Thumb Code    84  bldc_motor.o(i.init)
    loop                                     0x080050ad   Thumb Code    82  bldc_motor.o(i.loop)
    main                                     0x08005121   Thumb Code    74  main.o(i.main)
    AHBPrescTable                            0x08005172   Data          16  system_stm32f4xx.o(.constdata)
    APBPrescTable                            0x08005182   Data           8  system_stm32f4xx.o(.constdata)
    __mathlib_zero                           0x080051c8   Data           8  qnan.o(.constdata)
    Region$$Table$$Base                      0x080051d0   Number         0  anon$$obj.o(Region$$Table)
    Region$$Table$$Limit                     0x080051f0   Number         0  anon$$obj.o(Region$$Table)
    adc_agv_flag                             0x20000000   Data           1  bldc_motor.o(.data)
    adc_amp_agv_p                            0x20000004   Data           2  bldc_motor.o(.data)
    EncodeCount                              0x20000008   Data           4  bldc_motor.o(.data)
    adc_amp_zero_p                           0x20000010   Data           6  bldc_motor.o(.data)
    adc3_normal_data_array                   0x20000016   Data           6  bldc_motor.o(.data)
    bldc_motor1                              0x2000001c   Data          56  bldc_motor.o(.data)
    pFuncList_M1                             0x20000054   Data          24  bldc_motor.o(.data)
    uwTickFreq                               0x2000006c   Data           1  stm32f4xx_hal.o(.data)
    uwTickPrio                               0x20000070   Data           4  stm32f4xx_hal.o(.data)
    uwTick                                   0x20000074   Data           4  stm32f4xx_hal.o(.data)
    SystemCoreClock                          0x20000078   Data           4  system_stm32f4xx.o(.data)
    __stdout                                 0x2000007c   Data           4  stdout.o(.data)
    hadc1                                    0x20000084   Data          72  adc.o(.bss)
    hadc3                                    0x200000cc   Data          72  adc.o(.bss)
    hdma_adc1                                0x20000114   Data          96  adc.o(.bss)
    hdma_adc3                                0x20000174   Data          96  adc.o(.bss)
    hdac                                     0x200001d4   Data          20  dac.o(.bss)
    htim1                                    0x200001e8   Data          64  tim.o(.bss)
    htim3                                    0x20000228   Data          64  tim.o(.bss)
    htim4                                    0x20000268   Data          64  tim.o(.bss)
    htim5                                    0x200002a8   Data          64  tim.o(.bss)
    htim6                                    0x200002e8   Data          64  tim.o(.bss)
    htim8                                    0x20000328   Data          64  tim.o(.bss)
    htim9                                    0x20000368   Data          64  tim.o(.bss)
    huart1                                   0x200003a8   Data          64  usart.o(.bss)
    hdma_usart1_rx                           0x200003e8   Data          96  usart.o(.bss)
    adc_amp_p                                0x20000448   Data          18  bldc_motor.o(.bss)
    adc1_normal_data_array                   0x20000478   Data          10  bldc_motor.o(.bss)
    adc_amp                                  0x20000482   Data        1200  bldc_motor.o(.bss)
    adc_amp_zero                             0x20000932   Data         120  bldc_motor.o(.bss)
    adc_amp_agv                              0x200009aa   Data       36000  bldc_motor.o(.bss)
    g_debug                                  0x20009650   Data         216  debug.o(.bss)
    debug_rev_data                           0x20009728   Data          17  debug.o(.bss)
    debug_rev                                0x2000973c   Data          24  debug.o(.bss)
    __initial_sp                             0x2000b758   Data           0  startup_stm32f407xx.o(STACK)



==============================================================================

Memory Map of the image

  Image Entry point : 0x08000189

  Load Region LR_IROM1 (Base: 0x08000000, Size: 0x00005274, Max: 0x00100000, ABSOLUTE)

    Execution Region ER_IROM1 (Exec base: 0x08000000, Load base: 0x08000000, Size: 0x000051f0, Max: 0x00100000, ABSOLUTE)

    Exec Addr    Load Addr    Size         Type   Attr      Idx    E Section Name        Object

    0x08000000   0x08000000   0x00000188   Data   RO            3    RESET               startup_stm32f407xx.o
    0x08000188   0x08000188   0x00000000   Code   RO         3897  * .ARM.Collect$$$$00000000  mc_w.l(entry.o)
    0x08000188   0x08000188   0x00000004   Code   RO         4196    .ARM.Collect$$$$00000001  mc_w.l(entry2.o)
    0x0800018c   0x0800018c   0x00000004   Code   RO         4199    .ARM.Collect$$$$00000004  mc_w.l(entry5.o)
    0x08000190   0x08000190   0x00000000   Code   RO         4201    .ARM.Collect$$$$00000008  mc_w.l(entry7b.o)
    0x08000190   0x08000190   0x00000000   Code   RO         4203    .ARM.Collect$$$$0000000A  mc_w.l(entry8b.o)
    0x08000190   0x08000190   0x00000008   Code   RO         4204    .ARM.Collect$$$$0000000B  mc_w.l(entry9a.o)
    0x08000198   0x08000198   0x00000000   Code   RO         4206    .ARM.Collect$$$$0000000D  mc_w.l(entry10a.o)
    0x08000198   0x08000198   0x00000000   Code   RO         4208    .ARM.Collect$$$$0000000F  mc_w.l(entry11a.o)
    0x08000198   0x08000198   0x00000004   Code   RO         4197    .ARM.Collect$$$$00002712  mc_w.l(entry2.o)
    0x0800019c   0x0800019c   0x00000024   Code   RO            4    .text               startup_stm32f407xx.o
    0x080001c0   0x080001c0   0x00000062   Code   RO         3900    .text               mc_w.l(uldiv.o)
    0x08000222   0x08000222   0x00000024   Code   RO         3902    .text               mc_w.l(memseta.o)
    0x08000246   0x08000246   0x0000014e   Code   RO         4165    .text               mf_w.l(dadd.o)
    0x08000394   0x08000394   0x000000de   Code   RO         4167    .text               mf_w.l(ddiv.o)
    0x08000472   0x08000472   0x00000022   Code   RO         4169    .text               mf_w.l(dflti.o)
    0x08000494   0x08000494   0x0000001a   Code   RO         4171    .text               mf_w.l(dfltui.o)
    0x080004ae   0x080004ae   0x00000032   Code   RO         4173    .text               mf_w.l(dfixui.o)
    0x080004e0   0x080004e0   0x00000026   Code   RO         4175    .text               mf_w.l(f2d.o)
    0x08000506   0x08000506   0x00000038   Code   RO         4177    .text               mf_w.l(d2f.o)
    0x0800053e   0x0800053e   0x0000002c   Code   RO         4211    .text               mc_w.l(uidiv.o)
    0x0800056a   0x0800056a   0x0000001e   Code   RO         4213    .text               mc_w.l(llshl.o)
    0x08000588   0x08000588   0x00000020   Code   RO         4215    .text               mc_w.l(llushr.o)
    0x080005a8   0x080005a8   0x00000024   Code   RO         4217    .text               mc_w.l(llsshr.o)
    0x080005cc   0x080005cc   0x00000000   Code   RO         4226    .text               mc_w.l(iusefp.o)
    0x080005cc   0x080005cc   0x0000006e   Code   RO         4227    .text               mf_w.l(fepilogue.o)
    0x0800063a   0x0800063a   0x000000ba   Code   RO         4229    .text               mf_w.l(depilogue.o)
    0x080006f4   0x080006f4   0x000000e4   Code   RO         4231    .text               mf_w.l(dmul.o)
    0x080007d8   0x080007d8   0x000000a2   Code   RO         4235    .text               mf_w.l(dsqrt.o)
    0x0800087a   0x0800087a   0x00000030   Code   RO         4237    .text               mf_w.l(dfixul.o)
    0x080008aa   0x080008aa   0x00000002   PAD
    0x080008ac   0x080008ac   0x00000030   Code   RO         4239    .text               mf_w.l(cdcmple.o)
    0x080008dc   0x080008dc   0x00000030   Code   RO         4241    .text               mf_w.l(cdrcmple.o)
    0x0800090c   0x0800090c   0x00000024   Code   RO         4243    .text               mc_w.l(init.o)
    0x08000930   0x08000930   0x0000006e   Code   RO          950    i.ADC_DMAConvCplt   stm32f4xx_hal_adc.o
    0x0800099e   0x0800099e   0x00000016   Code   RO          951    i.ADC_DMAError      stm32f4xx_hal_adc.o
    0x080009b4   0x080009b4   0x0000000a   Code   RO          952    i.ADC_DMAHalfConvCplt  stm32f4xx_hal_adc.o
    0x080009be   0x080009be   0x00000002   PAD
    0x080009c0   0x080009c0   0x0000001c   Code   RO          485    i.ADC_IRQHandler    stm32f4xx_it.o
    0x080009dc   0x080009dc   0x00000128   Code   RO          953    i.ADC_Init          stm32f4xx_hal_adc.o
    0x08000b04   0x08000b04   0x00000002   Code   RO          486    i.BusFault_Handler  stm32f4xx_it.o
    0x08000b06   0x08000b06   0x00000002   PAD
    0x08000b08   0x08000b08   0x0000000c   Code   RO          487    i.DMA2_Stream0_IRQHandler  stm32f4xx_it.o
    0x08000b14   0x08000b14   0x0000000c   Code   RO          488    i.DMA2_Stream1_IRQHandler  stm32f4xx_it.o
    0x08000b20   0x08000b20   0x0000000c   Code   RO          489    i.DMA2_Stream2_IRQHandler  stm32f4xx_it.o
    0x08000b2c   0x08000b2c   0x00000028   Code   RO         1684    i.DMA_CalcBaseAndBitshift  stm32f4xx_hal_dma.o
    0x08000b54   0x08000b54   0x00000054   Code   RO         1685    i.DMA_CheckFifoParam  stm32f4xx_hal_dma.o
    0x08000ba8   0x08000ba8   0x00000028   Code   RO         1686    i.DMA_SetConfig     stm32f4xx_hal_dma.o
    0x08000bd0   0x08000bd0   0x00000002   Code   RO          490    i.DebugMon_Handler  stm32f4xx_it.o
    0x08000bd2   0x08000bd2   0x00000004   Code   RO           13    i.Error_Handler     main.o
    0x08000bd6   0x08000bd6   0x00000002   Code   RO         1124    i.HAL_ADCEx_InjectedConvCpltCallback  stm32f4xx_hal_adc_ex.o
    0x08000bd8   0x08000bd8   0x0000014c   Code   RO          955    i.HAL_ADC_ConfigChannel  stm32f4xx_hal_adc.o
    0x08000d24   0x08000d24   0x0000007c   Code   RO          664    i.HAL_ADC_ConvCpltCallback  bldc_motor.o
    0x08000da0   0x08000da0   0x00000002   Code   RO          957    i.HAL_ADC_ConvHalfCpltCallback  stm32f4xx_hal_adc.o
    0x08000da2   0x08000da2   0x00000002   Code   RO          959    i.HAL_ADC_ErrorCallback  stm32f4xx_hal_adc.o
    0x08000da4   0x08000da4   0x0000013c   Code   RO          963    i.HAL_ADC_IRQHandler  stm32f4xx_hal_adc.o
    0x08000ee0   0x08000ee0   0x00000054   Code   RO          964    i.HAL_ADC_Init      stm32f4xx_hal_adc.o
    0x08000f34   0x08000f34   0x00000002   Code   RO          965    i.HAL_ADC_LevelOutOfWindowCallback  stm32f4xx_hal_adc.o
    0x08000f36   0x08000f36   0x00000002   PAD
    0x08000f38   0x08000f38   0x00000138   Code   RO          234    i.HAL_ADC_MspInit   adc.o
    0x08001070   0x08001070   0x00000130   Code   RO          971    i.HAL_ADC_Start_DMA  stm32f4xx_hal_adc.o
    0x080011a0   0x080011a0   0x00000002   Code   RO         2503    i.HAL_DACEx_DMAUnderrunCallbackCh2  stm32f4xx_hal_dac_ex.o
    0x080011a2   0x080011a2   0x00000042   Code   RO         2360    i.HAL_DAC_ConfigChannel  stm32f4xx_hal_dac.o
    0x080011e4   0x080011e4   0x00000002   Code   RO         2363    i.HAL_DAC_DMAUnderrunCallbackCh1  stm32f4xx_hal_dac.o
    0x080011e6   0x080011e6   0x0000005c   Code   RO         2369    i.HAL_DAC_IRQHandler  stm32f4xx_hal_dac.o
    0x08001242   0x08001242   0x00000028   Code   RO         2370    i.HAL_DAC_Init      stm32f4xx_hal_dac.o
    0x0800126a   0x0800126a   0x00000002   PAD
    0x0800126c   0x0800126c   0x00000060   Code   RO          282    i.HAL_DAC_MspInit   dac.o
    0x080012cc   0x080012cc   0x0000001a   Code   RO         2373    i.HAL_DAC_SetValue  stm32f4xx_hal_dac.o
    0x080012e6   0x080012e6   0x0000006c   Code   RO         2374    i.HAL_DAC_Start     stm32f4xx_hal_dac.o
    0x08001352   0x08001352   0x00000024   Code   RO         1688    i.HAL_DMA_Abort_IT  stm32f4xx_hal_dma.o
    0x08001376   0x08001376   0x00000002   PAD
    0x08001378   0x08001378   0x000001a0   Code   RO         1692    i.HAL_DMA_IRQHandler  stm32f4xx_hal_dma.o
    0x08001518   0x08001518   0x000000d4   Code   RO         1693    i.HAL_DMA_Init      stm32f4xx_hal_dma.o
    0x080015ec   0x080015ec   0x0000006e   Code   RO         1697    i.HAL_DMA_Start_IT  stm32f4xx_hal_dma.o
    0x0800165a   0x0800165a   0x00000002   PAD
    0x0800165c   0x0800165c   0x00000024   Code   RO         2106    i.HAL_Delay         stm32f4xx_hal.o
    0x08001680   0x08001680   0x000001b8   Code   RO         1580    i.HAL_GPIO_Init     stm32f4xx_hal_gpio.o
    0x08001838   0x08001838   0x0000000a   Code   RO         1582    i.HAL_GPIO_ReadPin  stm32f4xx_hal_gpio.o
    0x08001842   0x08001842   0x0000000a   Code   RO         1584    i.HAL_GPIO_WritePin  stm32f4xx_hal_gpio.o
    0x0800184c   0x0800184c   0x0000000c   Code   RO         2112    i.HAL_GetTick       stm32f4xx_hal.o
    0x08001858   0x08001858   0x00000010   Code   RO         2118    i.HAL_IncTick       stm32f4xx_hal.o
    0x08001868   0x08001868   0x00000034   Code   RO         2119    i.HAL_Init          stm32f4xx_hal.o
    0x0800189c   0x0800189c   0x00000040   Code   RO         2120    i.HAL_InitTick      stm32f4xx_hal.o
    0x080018dc   0x080018dc   0x00000030   Code   RO          639    i.HAL_MspInit       stm32f4xx_hal_msp.o
    0x0800190c   0x0800190c   0x0000001a   Code   RO         1969    i.HAL_NVIC_EnableIRQ  stm32f4xx_hal_cortex.o
    0x08001926   0x08001926   0x00000002   PAD
    0x08001928   0x08001928   0x00000040   Code   RO         1975    i.HAL_NVIC_SetPriority  stm32f4xx_hal_cortex.o
    0x08001968   0x08001968   0x00000024   Code   RO         1976    i.HAL_NVIC_SetPriorityGrouping  stm32f4xx_hal_cortex.o
    0x0800198c   0x0800198c   0x00000134   Code   RO         1226    i.HAL_RCC_ClockConfig  stm32f4xx_hal_rcc.o
    0x08001ac0   0x08001ac0   0x00000020   Code   RO         1233    i.HAL_RCC_GetPCLK1Freq  stm32f4xx_hal_rcc.o
    0x08001ae0   0x08001ae0   0x00000020   Code   RO         1234    i.HAL_RCC_GetPCLK2Freq  stm32f4xx_hal_rcc.o
    0x08001b00   0x08001b00   0x00000060   Code   RO         1235    i.HAL_RCC_GetSysClockFreq  stm32f4xx_hal_rcc.o
    0x08001b60   0x08001b60   0x0000035c   Code   RO         1238    i.HAL_RCC_OscConfig  stm32f4xx_hal_rcc.o
    0x08001ebc   0x08001ebc   0x00000028   Code   RO         1980    i.HAL_SYSTICK_Config  stm32f4xx_hal_cortex.o
    0x08001ee4   0x08001ee4   0x00000002   Code   RO         3259    i.HAL_TIMEx_BreakCallback  stm32f4xx_hal_tim_ex.o
    0x08001ee6   0x08001ee6   0x00000002   Code   RO         3260    i.HAL_TIMEx_CommutCallback  stm32f4xx_hal_tim_ex.o
    0x08001ee8   0x08001ee8   0x00000054   Code   RO         3262    i.HAL_TIMEx_ConfigBreakDeadTime  stm32f4xx_hal_tim_ex.o
    0x08001f3c   0x08001f3c   0x000000bc   Code   RO         3268    i.HAL_TIMEx_HallSensor_Init  stm32f4xx_hal_tim_ex.o
    0x08001ff8   0x08001ff8   0x00000002   Code   RO         3270    i.HAL_TIMEx_HallSensor_MspInit  stm32f4xx_hal_tim_ex.o
    0x08001ffa   0x08001ffa   0x00000002   PAD
    0x08001ffc   0x08001ffc   0x00000090   Code   RO         3277    i.HAL_TIMEx_MasterConfigSynchronization  stm32f4xx_hal_tim_ex.o
    0x0800208c   0x0800208c   0x00000036   Code   RO         2584    i.HAL_TIM_Base_Init  stm32f4xx_hal_tim.o
    0x080020c2   0x080020c2   0x00000002   PAD
    0x080020c4   0x080020c4   0x0000013c   Code   RO          348    i.HAL_TIM_Base_MspInit  tim.o
    0x08002200   0x08002200   0x00000024   Code   RO         2587    i.HAL_TIM_Base_Start  stm32f4xx_hal_tim.o
    0x08002224   0x08002224   0x000000d6   Code   RO         2593    i.HAL_TIM_ConfigClockSource  stm32f4xx_hal_tim.o
    0x080022fa   0x080022fa   0x00000098   Code   RO         2602    i.HAL_TIM_Encoder_Init  stm32f4xx_hal_tim.o
    0x08002392   0x08002392   0x00000002   PAD
    0x08002394   0x08002394   0x00000074   Code   RO          350    i.HAL_TIM_Encoder_MspInit  tim.o
    0x08002408   0x08002408   0x00000034   Code   RO         2605    i.HAL_TIM_Encoder_Start  stm32f4xx_hal_tim.o
    0x0800243c   0x0800243c   0x00000002   Code   RO         2613    i.HAL_TIM_IC_CaptureCallback  stm32f4xx_hal_tim.o
    0x0800243e   0x0800243e   0x00000166   Code   RO         2627    i.HAL_TIM_IRQHandler  stm32f4xx_hal_tim.o
    0x080025a4   0x080025a4   0x000000b8   Code   RO          351    i.HAL_TIM_MspPostInit  tim.o
    0x0800265c   0x0800265c   0x00000002   Code   RO         2630    i.HAL_TIM_OC_DelayElapsedCallback  stm32f4xx_hal_tim.o
    0x0800265e   0x0800265e   0x000000d0   Code   RO         2651    i.HAL_TIM_PWM_ConfigChannel  stm32f4xx_hal_tim.o
    0x0800272e   0x0800272e   0x00000036   Code   RO         2654    i.HAL_TIM_PWM_Init  stm32f4xx_hal_tim.o
    0x08002764   0x08002764   0x00000002   Code   RO         2656    i.HAL_TIM_PWM_MspInit  stm32f4xx_hal_tim.o
    0x08002766   0x08002766   0x00000002   Code   RO         2657    i.HAL_TIM_PWM_PulseFinishedCallback  stm32f4xx_hal_tim.o
    0x08002768   0x08002768   0x00000450   Code   RO          665    i.HAL_TIM_PeriodElapsedCallback  bldc_motor.o
    0x08002bb8   0x08002bb8   0x00000002   Code   RO         2670    i.HAL_TIM_TriggerCallback  stm32f4xx_hal_tim.o
    0x08002bba   0x08002bba   0x00000002   Code   RO         3531    i.HAL_UART_ErrorCallback  stm32f4xx_hal_uart.o
    0x08002bbc   0x08002bbc   0x00000114   Code   RO         3534    i.HAL_UART_IRQHandler  stm32f4xx_hal_uart.o
    0x08002cd0   0x08002cd0   0x00000062   Code   RO         3535    i.HAL_UART_Init     stm32f4xx_hal_uart.o
    0x08002d32   0x08002d32   0x00000002   PAD
    0x08002d34   0x08002d34   0x000000a0   Code   RO          444    i.HAL_UART_MspInit  usart.o
    0x08002dd4   0x08002dd4   0x00000002   Code   RO         3541    i.HAL_UART_RxCpltCallback  stm32f4xx_hal_uart.o
    0x08002dd6   0x08002dd6   0x000000ba   Code   RO         3543    i.HAL_UART_Transmit  stm32f4xx_hal_uart.o
    0x08002e90   0x08002e90   0x00000002   Code   RO         3546    i.HAL_UART_TxCpltCallback  stm32f4xx_hal_uart.o
    0x08002e92   0x08002e92   0x00000002   PAD
    0x08002e94   0x08002e94   0x00000054   Code   RO          666    i.HallSensor_GetPinState  bldc_motor.o
    0x08002ee8   0x08002ee8   0x00000002   Code   RO          491    i.HardFault_Handler  stm32f4xx_it.o
    0x08002eea   0x08002eea   0x00000002   PAD
    0x08002eec   0x08002eec   0x00000024   Code   RO          667    i.M1_Encoder_Init   bldc_motor.o
    0x08002f10   0x08002f10   0x00000018   Code   RO          668    i.M1_Get_Encode     bldc_motor.o
    0x08002f28   0x08002f28   0x00000044   Code   RO          669    i.M1_MOS_UHVLPWM    bldc_motor.o
    0x08002f6c   0x08002f6c   0x00000044   Code   RO          670    i.M1_MOS_UHWLPWM    bldc_motor.o
    0x08002fb0   0x08002fb0   0x00000044   Code   RO          671    i.M1_MOS_VHULPWM    bldc_motor.o
    0x08002ff4   0x08002ff4   0x00000044   Code   RO          672    i.M1_MOS_VHWLPWM    bldc_motor.o
    0x08003038   0x08003038   0x00000044   Code   RO          673    i.M1_MOS_WHULPWM    bldc_motor.o
    0x0800307c   0x0800307c   0x00000044   Code   RO          674    i.M1_MOS_WHVLPWM    bldc_motor.o
    0x080030c0   0x080030c0   0x000000bc   Code   RO          235    i.MX_ADC1_Init      adc.o
    0x0800317c   0x0800317c   0x00000090   Code   RO          236    i.MX_ADC3_Init      adc.o
    0x0800320c   0x0800320c   0x0000004c   Code   RO          283    i.MX_DAC_Init       dac.o
    0x08003258   0x08003258   0x0000004c   Code   RO          323    i.MX_DMA_Init       dma.o
    0x080032a4   0x080032a4   0x00000140   Code   RO          209    i.MX_GPIO_Init      gpio.o
    0x080033e4   0x080033e4   0x00000086   Code   RO           14    i.MX_NVIC_Init      main.o
    0x0800346a   0x0800346a   0x00000002   PAD
    0x0800346c   0x0800346c   0x000000ec   Code   RO          352    i.MX_TIM1_Init      tim.o
    0x08003558   0x08003558   0x0000006c   Code   RO          353    i.MX_TIM3_Init      tim.o
    0x080035c4   0x080035c4   0x00000088   Code   RO          354    i.MX_TIM4_Init      tim.o
    0x0800364c   0x0800364c   0x00000088   Code   RO          355    i.MX_TIM5_Init      tim.o
    0x080036d4   0x080036d4   0x00000048   Code   RO          356    i.MX_TIM6_Init      tim.o
    0x0800371c   0x0800371c   0x000000ec   Code   RO          357    i.MX_TIM8_Init      tim.o
    0x08003808   0x08003808   0x00000084   Code   RO          358    i.MX_TIM9_Init      tim.o
    0x0800388c   0x0800388c   0x00000038   Code   RO          445    i.MX_USART1_UART_Init  usart.o
    0x080038c4   0x080038c4   0x00000002   Code   RO          492    i.MemManage_Handler  stm32f4xx_it.o
    0x080038c6   0x080038c6   0x00000002   Code   RO          493    i.NMI_Handler       stm32f4xx_it.o
    0x080038c8   0x080038c8   0x00000002   Code   RO          494    i.PendSV_Handler    stm32f4xx_it.o
    0x080038ca   0x080038ca   0x00000002   Code   RO          495    i.SVC_Handler       stm32f4xx_it.o
    0x080038cc   0x080038cc   0x00000034   Code   RO          675    i.SoftReversing     bldc_motor.o
    0x08003900   0x08003900   0x00000004   Code   RO          496    i.SysTick_Handler   stm32f4xx_it.o
    0x08003904   0x08003904   0x00000094   Code   RO           15    i.SystemClock_Config  main.o
    0x08003998   0x08003998   0x0000001c   Code   RO         3837    i.SystemInit        system_stm32f4xx.o
    0x080039b4   0x080039b4   0x0000001c   Code   RO          497    i.TIM1_BRK_TIM9_IRQHandler  stm32f4xx_it.o
    0x080039d0   0x080039d0   0x0000000c   Code   RO          498    i.TIM1_CC_IRQHandler  stm32f4xx_it.o
    0x080039dc   0x080039dc   0x0000000c   Code   RO          499    i.TIM1_TRG_COM_TIM11_IRQHandler  stm32f4xx_it.o
    0x080039e8   0x080039e8   0x0000000c   Code   RO          500    i.TIM1_UP_TIM10_IRQHandler  stm32f4xx_it.o
    0x080039f4   0x080039f4   0x0000000c   Code   RO          501    i.TIM3_IRQHandler   stm32f4xx_it.o
    0x08003a00   0x08003a00   0x0000000c   Code   RO          502    i.TIM4_IRQHandler   stm32f4xx_it.o
    0x08003a0c   0x08003a0c   0x0000000c   Code   RO          503    i.TIM5_IRQHandler   stm32f4xx_it.o
    0x08003a18   0x08003a18   0x0000001c   Code   RO          504    i.TIM6_DAC_IRQHandler  stm32f4xx_it.o
    0x08003a34   0x08003a34   0x000000c8   Code   RO         2672    i.TIM_Base_SetConfig  stm32f4xx_hal_tim.o
    0x08003afc   0x08003afc   0x0000001a   Code   RO         2673    i.TIM_CCxChannelCmd  stm32f4xx_hal_tim.o
    0x08003b16   0x08003b16   0x00000014   Code   RO         2683    i.TIM_ETR_SetConfig  stm32f4xx_hal_tim.o
    0x08003b2a   0x08003b2a   0x00000010   Code   RO         2684    i.TIM_ITRx_SetConfig  stm32f4xx_hal_tim.o
    0x08003b3a   0x08003b3a   0x00000002   PAD
    0x08003b3c   0x08003b3c   0x00000060   Code   RO         2685    i.TIM_OC1_SetConfig  stm32f4xx_hal_tim.o
    0x08003b9c   0x08003b9c   0x0000006c   Code   RO         2686    i.TIM_OC2_SetConfig  stm32f4xx_hal_tim.o
    0x08003c08   0x08003c08   0x00000068   Code   RO         2687    i.TIM_OC3_SetConfig  stm32f4xx_hal_tim.o
    0x08003c70   0x08003c70   0x00000050   Code   RO         2688    i.TIM_OC4_SetConfig  stm32f4xx_hal_tim.o
    0x08003cc0   0x08003cc0   0x00000022   Code   RO         2690    i.TIM_TI1_ConfigInputStage  stm32f4xx_hal_tim.o
    0x08003ce2   0x08003ce2   0x00000002   PAD
    0x08003ce4   0x08003ce4   0x00000080   Code   RO         2691    i.TIM_TI1_SetConfig  stm32f4xx_hal_tim.o
    0x08003d64   0x08003d64   0x00000024   Code   RO         2692    i.TIM_TI2_ConfigInputStage  stm32f4xx_hal_tim.o
    0x08003d88   0x08003d88   0x00000010   Code   RO         3548    i.UART_DMAAbortOnError  stm32f4xx_hal_uart.o
    0x08003d98   0x08003d98   0x0000001c   Code   RO         3558    i.UART_EndRxTransfer  stm32f4xx_hal_uart.o
    0x08003db4   0x08003db4   0x00000096   Code   RO         3560    i.UART_Receive_IT   stm32f4xx_hal_uart.o
    0x08003e4a   0x08003e4a   0x00000002   PAD
    0x08003e4c   0x08003e4c   0x00000128   Code   RO         3561    i.UART_SetConfig    stm32f4xx_hal_uart.o
    0x08003f74   0x08003f74   0x00000062   Code   RO         3562    i.UART_Transmit_IT  stm32f4xx_hal_uart.o
    0x08003fd6   0x08003fd6   0x00000064   Code   RO         3563    i.UART_WaitOnFlagUntilTimeout  stm32f4xx_hal_uart.o
    0x0800403a   0x0800403a   0x00000002   PAD
    0x0800403c   0x0800403c   0x0000000c   Code   RO          505    i.USART1_IRQHandler  stm32f4xx_it.o
    0x08004048   0x08004048   0x00000002   Code   RO          506    i.UsageFault_Handler  stm32f4xx_it.o
    0x0800404a   0x0800404a   0x00000002   PAD
    0x0800404c   0x0800404c   0x00000020   Code   RO         4137    i.__0printf         mc_w.l(printfa.o)
    0x0800406c   0x0800406c   0x00000020   Code   RO         1982    i.__NVIC_SetPriority  stm32f4xx_hal_cortex.o
    0x0800408c   0x0800408c   0x00000004   PAD
    0x08004090   0x08004090   0x000003c4   Code   RO         3871    i.__hardfp_log      m_wm.l(log.o)
    0x08004454   0x08004454   0x0000007a   Code   RO         3885    i.__hardfp_sqrt     m_wm.l(sqrt.o)
    0x080044ce   0x080044ce   0x000000f8   Code   RO         4193    i.__kernel_poly     m_wm.l(poly.o)
    0x080045c6   0x080045c6   0x00000002   PAD
    0x080045c8   0x080045c8   0x00000030   Code   RO         4179    i.__mathlib_dbl_divzero  m_wm.l(dunder.o)
    0x080045f8   0x080045f8   0x00000014   Code   RO         4180    i.__mathlib_dbl_infnan  m_wm.l(dunder.o)
    0x0800460c   0x0800460c   0x00000004   PAD
    0x08004610   0x08004610   0x00000020   Code   RO         4182    i.__mathlib_dbl_invalid  m_wm.l(dunder.o)
    0x08004630   0x08004630   0x0000000e   Code   RO         4247    i.__scatterload_copy  mc_w.l(handlers.o)
    0x0800463e   0x0800463e   0x00000002   Code   RO         4248    i.__scatterload_null  mc_w.l(handlers.o)
    0x08004640   0x08004640   0x0000000e   Code   RO         4249    i.__scatterload_zeroinit  mc_w.l(handlers.o)
    0x0800464e   0x0800464e   0x00000002   PAD
    0x08004650   0x08004650   0x0000000c   Code   RO         4221    i.__set_errno       mc_w.l(errno.o)
    0x0800465c   0x0800465c   0x00000184   Code   RO         4144    i._fp_digits        mc_w.l(printfa.o)
    0x080047e0   0x080047e0   0x000006dc   Code   RO         4145    i._printf_core      mc_w.l(printfa.o)
    0x08004ebc   0x08004ebc   0x00000024   Code   RO         4146    i._printf_post_padding  mc_w.l(printfa.o)
    0x08004ee0   0x08004ee0   0x0000002e   Code   RO         4147    i._printf_pre_padding  mc_w.l(printfa.o)
    0x08004f0e   0x08004f0e   0x00000002   PAD
    0x08004f10   0x08004f10   0x00000070   Code   RO          678    i.calc_agv          bldc_motor.o
    0x08004f80   0x08004f80   0x00000006   Code   RO          814    i.debug_obj_init    debug.o
    0x08004f86   0x08004f86   0x00000002   PAD
    0x08004f88   0x08004f88   0x00000018   Code   RO           16    i.fputc             main.o
    0x08004fa0   0x08004fa0   0x0000008c   Code   RO          679    i.get_temp          bldc_motor.o
    0x0800502c   0x0800502c   0x00000080   Code   RO          680    i.init              bldc_motor.o
    0x080050ac   0x080050ac   0x00000074   Code   RO          681    i.loop              bldc_motor.o
    0x08005120   0x08005120   0x0000004a   Code   RO           17    i.main              main.o
    0x0800516a   0x0800516a   0x00000008   Data   RO         1699    .constdata          stm32f4xx_hal_dma.o
    0x08005172   0x08005172   0x00000010   Data   RO         3838    .constdata          system_stm32f4xx.o
    0x08005182   0x08005182   0x00000008   Data   RO         3839    .constdata          system_stm32f4xx.o
    0x0800518a   0x0800518a   0x00000006   PAD
    0x08005190   0x08005190   0x00000038   Data   RO         3874    .constdata          m_wm.l(log.o)
    0x080051c8   0x080051c8   0x00000008   Data   RO         4195    .constdata          m_wm.l(qnan.o)
    0x080051d0   0x080051d0   0x00000020   Data   RO         4245    Region$$Table       anon$$obj.o


    Execution Region RW_IRAM2 (Exec base: 0x10000000, Load base: 0x08005274, Size: 0x00000000, Max: 0x00010000, ABSOLUTE)

    **** No section assigned to this execution region ****


    Execution Region RW_IRAM1 (Exec base: 0x20000000, Load base: 0x080051f0, Size: 0x0000b758, Max: 0x00020000, ABSOLUTE)

    Exec Addr    Load Addr    Size         Type   Attr      Idx    E Section Name        Object

    0x20000000   0x080051f0   0x0000006c   Data   RW          692    .data               bldc_motor.o
    0x2000006c   0x0800525c   0x0000000c   Data   RW         2126    .data               stm32f4xx_hal.o
    0x20000078   0x08005268   0x00000004   Data   RW         3840    .data               system_stm32f4xx.o
    0x2000007c   0x0800526c   0x00000004   Data   RW         4210    .data               mc_w.l(stdout.o)
    0x20000080   0x08005270   0x00000004   Data   RW         4222    .data               mc_w.l(errno.o)
    0x20000084        -       0x00000150   Zero   RW          237    .bss                adc.o
    0x200001d4        -       0x00000014   Zero   RW          284    .bss                dac.o
    0x200001e8        -       0x000001c0   Zero   RW          359    .bss                tim.o
    0x200003a8        -       0x000000a0   Zero   RW          446    .bss                usart.o
    0x20000448        -       0x00009202   Zero   RW          683    .bss                bldc_motor.o
    0x2000964a   0x08005274   0x00000006   PAD
    0x20009650        -       0x00000104   Zero   RW          830    .bss                debug.o
    0x20009754   0x08005274   0x00000004   PAD
    0x20009758        -       0x00002000   Zero   RW            1    STACK               startup_stm32f407xx.o


==============================================================================

Image component sizes


      Code (inc. data)   RO Data    RW Data    ZI Data      Debug   Object Name

       644         58          0          0        336       2662   adc.o
      2328        290          0        108      37378      15399   bldc_motor.o
       172         20          0          0         20       1611   dac.o
         6          0          0          0        260       3312   debug.o
        76          4          0          0          0        758   dma.o
       320         22          0          0          0       1119   gpio.o
       384         12          0          0          0     713396   main.o
        36          8        392          0       8192        828   startup_stm32f407xx.o
       180         28          0         12          0       9349   stm32f4xx_hal.o
      1480         64          0          0          0       8238   stm32f4xx_hal_adc.o
         2          0          0          0          0        969   stm32f4xx_hal_adc_ex.o
       198         14          0          0          0      33911   stm32f4xx_hal_cortex.o
       334          0          0          0          0       4728   stm32f4xx_hal_dac.o
         2          0          0          0          0        939   stm32f4xx_hal_dac_ex.o
       938         16          8          0          0       6414   stm32f4xx_hal_dma.o
       460         46          0          0          0       3035   stm32f4xx_hal_gpio.o
        48          6          0          0          0        818   stm32f4xx_hal_msp.o
      1328         72          0          0          0       5192   stm32f4xx_hal_rcc.o
      1986        108          0          0          0      18090   stm32f4xx_hal_tim.o
       422         28          0          0          0       4700   stm32f4xx_hal_tim_ex.o
      1254         16          0          0          0       9431   stm32f4xx_hal_uart.o
       224         90          0          0          0      10132   stm32f4xx_it.o
        28          6         24          4          0       1107   system_stm32f4xx.o
      1672        144          0          0        448       7724   tim.o
       216         30          0          0        160       1729   usart.o

    ----------------------------------------------------------------------
     14782       1082        462        124      46804     865591   Object Totals
         0          0         32          0          0          0   (incl. Generated)
        44          0          6          0         10          0   (incl. Padding)

    ----------------------------------------------------------------------

      Code (inc. data)   RO Data    RW Data    ZI Data      Debug   Library Member Name

       100         28          0          0          0        372   dunder.o
       964         92         56          0          0        316   log.o
       248          0          0          0          0        152   poly.o
         0          0          8          0          0          0   qnan.o
       122          0          0          0          0        148   sqrt.o
         0          0          0          0          0          0   entry.o
         0          0          0          0          0          0   entry10a.o
         0          0          0          0          0          0   entry11a.o
         8          4          0          0          0          0   entry2.o
         4          0          0          0          0          0   entry5.o
         0          0          0          0          0          0   entry7b.o
         0          0          0          0          0          0   entry8b.o
         8          4          0          0          0          0   entry9a.o
        12          6          0          4          0         68   errno.o
        30          0          0          0          0          0   handlers.o
        36          8          0          0          0         68   init.o
         0          0          0          0          0          0   iusefp.o
        30          0          0          0          0         68   llshl.o
        36          0          0          0          0         68   llsshr.o
        32          0          0          0          0         68   llushr.o
        36          0          0          0          0        108   memseta.o
      2258         90          0          0          0        452   printfa.o
         0          0          0          4          0          0   stdout.o
        44          0          0          0          0         80   uidiv.o
        98          0          0          0          0         92   uldiv.o
        48          0          0          0          0         68   cdcmple.o
        48          0          0          0          0         68   cdrcmple.o
        56          0          0          0          0         88   d2f.o
       334          0          0          0          0        148   dadd.o
       222          0          0          0          0        100   ddiv.o
       186          0          0          0          0        176   depilogue.o
        50          0          0          0          0         76   dfixui.o
        48          0          0          0          0         68   dfixul.o
        34          0          0          0          0         76   dflti.o
        26          0          0          0          0         76   dfltui.o
       228          0          0          0          0         96   dmul.o
       162          0          0          0          0        100   dsqrt.o
        38          0          0          0          0         68   f2d.o
       110          0          0          0          0        168   fepilogue.o

    ----------------------------------------------------------------------
      5668        232         64          8          0       3436   Library Totals
        12          0          0          0          0          0   (incl. Padding)

    ----------------------------------------------------------------------

      Code (inc. data)   RO Data    RW Data    ZI Data      Debug   Library Name

      1434        120         64          0          0        988   m_wm.l
      2632        112          0          8          0       1072   mc_w.l
      1590          0          0          0          0       1376   mf_w.l

    ----------------------------------------------------------------------
      5668        232         64          8          0       3436   Library Totals

    ----------------------------------------------------------------------

==============================================================================


      Code (inc. data)   RO Data    RW Data    ZI Data      Debug   

     20450       1314        526        132      46804     852983   Grand Totals
     20450       1314        526        132      46804     852983   ELF Image Totals
     20450       1314        526        132          0          0   ROM Totals

==============================================================================

    Total RO  Size (Code + RO Data)                20976 (  20.48kB)
    Total RW  Size (RW Data + ZI Data)             46936 (  45.84kB)
    Total ROM Size (Code + RO Data + RW Data)      21108 (  20.61kB)

==============================================================================

